Archive member included to satisfy reference by file (symbol)

C:/Program Files (x86)/Arm GNU Toolchain arm-none-eabi/13.2 Rel1/bin/../lib/gcc/arm-none-eabi/13.2.1/thumb/v7e-m+fp/hard\libgcc.a(_aeabi_ldivmod.o)
                              ./ra/fsp/src/r_sci_uart/r_sci_uart.o (__aeabi_ldivmod)
C:/Program Files (x86)/Arm GNU Toolchain arm-none-eabi/13.2 Rel1/bin/../lib/gcc/arm-none-eabi/13.2.1/thumb/v7e-m+fp/hard\libgcc.a(_udivmoddi4.o)
                              C:/Program Files (x86)/Arm GNU Toolchain arm-none-eabi/13.2 Rel1/bin/../lib/gcc/arm-none-eabi/13.2.1/thumb/v7e-m+fp/hard\libgcc.a(_aeabi_ldivmod.o) (__udivmoddi4)
C:/Program Files (x86)/Arm GNU Toolchain arm-none-eabi/13.2 Rel1/bin/../lib/gcc/arm-none-eabi/13.2.1/thumb/v7e-m+fp/hard\libgcc.a(_dvmd_tls.o)
                              C:/Program Files (x86)/Arm GNU Toolchain arm-none-eabi/13.2 Rel1/bin/../lib/gcc/arm-none-eabi/13.2.1/thumb/v7e-m+fp/hard\libgcc.a(_aeabi_ldivmod.o) (__aeabi_ldiv0)
C:/Program Files (x86)/Arm GNU Toolchain arm-none-eabi/13.2 Rel1/bin/../lib/gcc/arm-none-eabi/13.2.1/thumb/v7e-m+fp/hard\libg_nano.a(libc_a-atoi.o)
                              ./src/spi_w25q32.o (atoi)
C:/Program Files (x86)/Arm GNU Toolchain arm-none-eabi/13.2 Rel1/bin/../lib/gcc/arm-none-eabi/13.2.1/thumb/v7e-m+fp/hard\libg_nano.a(libc_a-exit.o)
                              C:/Program Files (x86)/Arm GNU Toolchain arm-none-eabi/13.2 Rel1/bin/../lib/gcc/arm-none-eabi/13.2.1/thumb/v7e-m+fp/hard/crt0.o (exit)
C:/Program Files (x86)/Arm GNU Toolchain arm-none-eabi/13.2 Rel1/bin/../lib/gcc/arm-none-eabi/13.2.1/thumb/v7e-m+fp/hard\libg_nano.a(libc_a-strtol.o)
                              C:/Program Files (x86)/Arm GNU Toolchain arm-none-eabi/13.2 Rel1/bin/../lib/gcc/arm-none-eabi/13.2.1/thumb/v7e-m+fp/hard\libg_nano.a(libc_a-atoi.o) (_strtol_r)
C:/Program Files (x86)/Arm GNU Toolchain arm-none-eabi/13.2 Rel1/bin/../lib/gcc/arm-none-eabi/13.2.1/thumb/v7e-m+fp/hard\libg_nano.a(libc_a-ctype_.o)
                              C:/Program Files (x86)/Arm GNU Toolchain arm-none-eabi/13.2 Rel1/bin/../lib/gcc/arm-none-eabi/13.2.1/thumb/v7e-m+fp/hard\libg_nano.a(libc_a-strtol.o) (_ctype_)
C:/Program Files (x86)/Arm GNU Toolchain arm-none-eabi/13.2 Rel1/bin/../lib/gcc/arm-none-eabi/13.2.1/thumb/v7e-m+fp/hard\libg_nano.a(libc_a-nano-vfprintf_float.o)
                              (_printf_float)
C:/Program Files (x86)/Arm GNU Toolchain arm-none-eabi/13.2 Rel1/bin/../lib/gcc/arm-none-eabi/13.2.1/thumb/v7e-m+fp/hard\libg_nano.a(libc_a-nano-vfprintf_i.o)
                              C:/Program Files (x86)/Arm GNU Toolchain arm-none-eabi/13.2 Rel1/bin/../lib/gcc/arm-none-eabi/13.2.1/thumb/v7e-m+fp/hard\libg_nano.a(libc_a-nano-vfprintf_float.o) (_printf_common)
C:/Program Files (x86)/Arm GNU Toolchain arm-none-eabi/13.2 Rel1/bin/../lib/gcc/arm-none-eabi/13.2.1/thumb/v7e-m+fp/hard\libg_nano.a(libc_a-findfp.o)
                              C:/Program Files (x86)/Arm GNU Toolchain arm-none-eabi/13.2 Rel1/bin/../lib/gcc/arm-none-eabi/13.2.1/thumb/v7e-m+fp/hard\libg_nano.a(libc_a-exit.o) (__stdio_exit_handler)
C:/Program Files (x86)/Arm GNU Toolchain arm-none-eabi/13.2 Rel1/bin/../lib/gcc/arm-none-eabi/13.2.1/thumb/v7e-m+fp/hard\libg_nano.a(libc_a-fwalk.o)
                              C:/Program Files (x86)/Arm GNU Toolchain arm-none-eabi/13.2 Rel1/bin/../lib/gcc/arm-none-eabi/13.2.1/thumb/v7e-m+fp/hard\libg_nano.a(libc_a-findfp.o) (_fwalk_sglue)
C:/Program Files (x86)/Arm GNU Toolchain arm-none-eabi/13.2 Rel1/bin/../lib/gcc/arm-none-eabi/13.2.1/thumb/v7e-m+fp/hard\libg_nano.a(libc_a-stdio.o)
                              C:/Program Files (x86)/Arm GNU Toolchain arm-none-eabi/13.2 Rel1/bin/../lib/gcc/arm-none-eabi/13.2.1/thumb/v7e-m+fp/hard\libg_nano.a(libc_a-findfp.o) (__sread)
C:/Program Files (x86)/Arm GNU Toolchain arm-none-eabi/13.2 Rel1/bin/../lib/gcc/arm-none-eabi/13.2.1/thumb/v7e-m+fp/hard\libg_nano.a(libc_a-memset.o)
                              C:/Program Files (x86)/Arm GNU Toolchain arm-none-eabi/13.2 Rel1/bin/../lib/gcc/arm-none-eabi/13.2.1/thumb/v7e-m+fp/hard/crt0.o (memset)
C:/Program Files (x86)/Arm GNU Toolchain arm-none-eabi/13.2 Rel1/bin/../lib/gcc/arm-none-eabi/13.2.1/thumb/v7e-m+fp/hard\libg_nano.a(libc_a-localeconv.o)
                              C:/Program Files (x86)/Arm GNU Toolchain arm-none-eabi/13.2 Rel1/bin/../lib/gcc/arm-none-eabi/13.2.1/thumb/v7e-m+fp/hard\libg_nano.a(libc_a-nano-vfprintf_float.o) (_localeconv_r)
C:/Program Files (x86)/Arm GNU Toolchain arm-none-eabi/13.2 Rel1/bin/../lib/gcc/arm-none-eabi/13.2.1/thumb/v7e-m+fp/hard\libg_nano.a(libc_a-closer.o)
                              C:/Program Files (x86)/Arm GNU Toolchain arm-none-eabi/13.2 Rel1/bin/../lib/gcc/arm-none-eabi/13.2.1/thumb/v7e-m+fp/hard\libg_nano.a(libc_a-stdio.o) (_close_r)
C:/Program Files (x86)/Arm GNU Toolchain arm-none-eabi/13.2 Rel1/bin/../lib/gcc/arm-none-eabi/13.2.1/thumb/v7e-m+fp/hard\libg_nano.a(libc_a-reent.o)
[...]
Memory Configuration

Name             Origin             Length             Attributes
ITCM             0x00000000         0x00000000         xr
DTCM             0x00000000         0x00000000         xrw
FLASH            0x00000000         0x00100000         xr
RAM              0x1ffe0000         0x00060000         xrw
DATA_FLASH       0x40100000         0x00008000         xr
QSPI_FLASH       0x60000000         0x04000000         xr
OSPI_DEVICE_0    0x80020000         0x00000000         xr
OSPI_DEVICE_1    0x80030000         0x00000000         xr
OSPI_DEVICE_0_RAM 0x80020000         0x00000000         xrw
OSPI_DEVICE_1_RAM 0x80030000         0x00000000         xrw
SDRAM            0x90000000         0x08000000         xrw
OPTION_SETTING   0x00000000         0x00000000         r
OPTION_SETTING_OFS 0x00000000         0x00000018         r
OPTION_SETTING_SAS 0x00000034         0x00000000         r
OPTION_SETTING_S 0x80000000         0x00000000         r
ID_CODE          0x0100a150         0x00000010         xr
*default*        0x00000000         0xffffffff

Linker script and memory map

LOAD C:/Program Files (x86)/Arm GNU Toolchain arm-none-eabi/13.2 Rel1/bin/../lib/gcc/arm-none-eabi/13.2.1/thumb/v7e-m+fp/hard/crti.o
LOAD C:/Program Files (x86)/Arm GNU Toolchain arm-none-eabi/13.2 Rel1/bin/../lib/gcc/arm-none-eabi/13.2.1/thumb/v7e-m+fp/hard/crtbegin.o
LOAD C:/Program Files (x86)/Arm GNU Toolchain arm-none-eabi/13.2 Rel1/bin/../lib/gcc/arm-none-eabi/13.2.1/thumb/v7e-m+fp/hard/crt0.o
START GROUP
LOAD ./src/SEGGER_RTT/SEGGER_RTT.o
LOAD ./src/SEGGER_RTT/SEGGER_RTT_printf.o
LOAD ./src/DS3231_HAL.o
LOAD ./src/adc_temperature.o
LOAD ./src/gpt_pwm.o
LOAD ./src/hal_entry.o
LOAD ./src/main_thread0_entry.o
LOAD ./src/sci_uart.o
LOAD ./src/spi_w25q32.o
LOAD ./ra_gen/common_data.o
LOAD ./ra_gen/hal_data.o
LOAD ./ra_gen/main.o
LOAD ./ra_gen/main_thread0.o
LOAD ./ra_gen/pin_data.o
LOAD ./ra_gen/vector_data.o
LOAD ./ra/fsp/src/rm_freertos_port/port.o
LOAD ./ra/fsp/src/r_spi/r_spi.o
LOAD ./ra/fsp/src/r_sci_uart/r_sci_uart.o
LOAD ./ra/fsp/src/r_ioport/r_ioport.o
LOAD ./ra/fsp/src/r_iic_master/r_iic_master.o
LOAD ./ra/fsp/src/r_icu/r_icu.o
LOAD ./ra/fsp/src/r_gpt/r_gpt.o
LOAD ./ra/fsp/src/r_adc/r_adc.o
LOAD ./ra/fsp/src/bsp/mcu/all/bsp_clocks.o
LOAD ./ra/fsp/src/bsp/mcu/all/bsp_common.o
LOAD ./ra/fsp/src/bsp/mcu/all/bsp_delay.o
LOAD ./ra/fsp/src/bsp/mcu/all/bsp_group_irq.o
LOAD ./ra/fsp/src/bsp/mcu/all/bsp_guard.o
LOAD ./ra/fsp/src/bsp/mcu/all/bsp_io.o
LOAD ./ra/fsp/src/bsp/mcu/all/bsp_irq.o
LOAD ./ra/fsp/src/bsp/mcu/all/bsp_macl.o
LOAD ./ra/fsp/src/bsp/mcu/all/bsp_register_protection.o
LOAD ./ra/fsp/src/bsp/mcu/all/bsp_rom_registers.o
LOAD ./ra/fsp/src/bsp/mcu/all/bsp_sbrk.o
LOAD ./ra/fsp/src/bsp/mcu/all/bsp_security.o
LOAD ./ra/fsp/src/bsp/cmsis/Device/RENESAS/Source/startup.o
LOAD ./ra/fsp/src/bsp/cmsis/Device/RENESAS/Source/system.o
LOAD ./ra/board/ra6m2_ek/board_init.o
LOAD ./ra/board/ra6m2_ek/board_leds.o
LOAD ./ra/aws/FreeRTOS/FreeRTOS/Source/portable/MemMang/heap_4.o
LOAD ./ra/aws/FreeRTOS/FreeRTOS/Source/event_groups.o
LOAD ./ra/aws/FreeRTOS/FreeRTOS/Source/list.o
LOAD ./ra/aws/FreeRTOS/FreeRTOS/Source/queue.o
LOAD ./ra/aws/FreeRTOS/FreeRTOS/Source/stream_buffer.o
LOAD ./ra/aws/FreeRTOS/FreeRTOS/Source/tasks.o
LOAD ./ra/aws/FreeRTOS/FreeRTOS/Source/timers.o
END GROUP
START GROUP
LOAD C:/Program Files (x86)/Arm GNU Toolchain arm-none-eabi/13.2 Rel1/bin/../lib/gcc/arm-none-eabi/13.2.1/thumb/v7e-m+fp/hard\libgcc.a
LOAD C:/Program Files (x86)/Arm GNU Toolchain arm-none-eabi/13.2 Rel1/bin/../lib/gcc/arm-none-eabi/13.2.1/thumb/v7e-m+fp/hard\libg_nano.a
LOAD C:/Program Files (x86)/Arm GNU Toolchain arm-none-eabi/13.2 Rel1/bin/../lib/gcc/arm-none-eabi/13.2.1/thumb/v7e-m+fp/hard\libc_nano.a
END GROUP
START GROUP
LOAD C:/Program Files (x86)/Arm GNU Toolchain arm-none-eabi/13.2 Rel1/bin/../lib/gcc/arm-none-eabi/13.2.1/thumb/v7e-m+fp/hard\libgcc.a
LOAD C:/Program Files (x86)/Arm GNU Toolchain arm-none-eabi/13.2 Rel1/bin/../lib/gcc/arm-none-eabi/13.2.1/thumb/v7e-m+fp/hard\libc_nano.a
END GROUP
LOAD C:/Program Files (x86)/Arm GNU Toolchain arm-none-eabi/13.2 Rel1/bin/../lib/gcc/arm-none-eabi/13.2.1/thumb/v7e-m+fp/hard/crtend.o
LOAD C:/Program Files (x86)/Arm GNU Toolchain arm-none-eabi/13.2 Rel1/bin/../lib/gcc/arm-none-eabi/13.2.1/thumb/v7e-m+fp/hard/crtn.o
                0x1ffe0000                        RAM_START = 0x1ffe0000
                0x00060000                        RAM_LENGTH = 0x60000
                0x00000000                        FLASH_START = 0x0
                0x00100000                        FLASH_LENGTH = 0x100000
                0x40100000                        DATA_FLASH_START = 0x40100000
                0x00008000                        DATA_FLASH_LENGTH = 0x8000
                0x00000000                        OPTION_SETTING_START = 0x0
                0x00000000                        OPTION_SETTING_LENGTH = 0x0
                0x80000000                        OPTION_SETTING_S_START = 0x80000000
                0x00000000                        OPTION_SETTING_S_LENGTH = 0x0
                0x0100a150                        ID_CODE_START = 0x100a150
                0x00000010                        ID_CODE_LENGTH = 0x10
                0x90000000                        SDRAM_START = 0x90000000
                0x08000000                        SDRAM_LENGTH = 0x8000000
                0x60000000                        QSPI_FLASH_START = 0x60000000
                0x04000000                        QSPI_FLASH_LENGTH = 0x4000000
                0x80020000                        OSPI_DEVICE_0_START = 0x80020000
                0x00000000                        OSPI_DEVICE_0_LENGTH = 0x0
                0x80030000                        OSPI_DEVICE_1_START = 0x80030000
                0x00000000                        OSPI_DEVICE_1_LENGTH = 0x0
                0x04000000                        QSPI_FLASH_PRV_LENGTH = DEFINED (QSPI_FLASH_SIZE)?ABSOLUTE (QSPI_FLASH_SIZE):ABSOLUTE (QSPI_FLASH_LENGTH)
                0x00000000                        OSPI_DEVICE_0_PRV_LENGTH = DEFINED (OSPI_DEVICE_0_SIZE)?ABSOLUTE (OSPI_DEVICE_0_SIZE):ABSOLUTE (OSPI_DEVICE_0_LENGTH)
                0x00000000                        OSPI_DEVICE_1_PRV_LENGTH = DEFINED (OSPI_DEVICE_1_SIZE)?ABSOLUTE (OSPI_DEVICE_1_SIZE):ABSOLUTE (OSPI_DEVICE_1_LENGTH)
                0x00000000                        __RESERVE_NS_RAM = ((! (DEFINED (PROJECT_NONSECURE)) && DEFINED (RAM_NS_BUFFER_LENGTH)) && (OPTION_SETTING_S_LENGTH != 0x0))
                0x00000000                        ITCM_START = DEFINED (ITCM_START)?ITCM_START:0x0
                0x00000000                        ITCM_LENGTH = DEFINED (ITCM_LENGTH)?ITCM_LENGTH:0x0
                0x00000000                        DTCM_START = DEFINED (DTCM_START)?DTCM_START:0x0
                0x00000000                        DTCM_LENGTH = DEFINED (DTCM_LENGTH)?DTCM_LENGTH:0x0
                0x00000000                        RAM_NS_BUFFER_BLOCK_LENGTH = DEFINED (RAM_NS_BUFFER_LENGTH)?ALIGN (RAM_NS_BUFFER_LENGTH, 0x2000):0x0
                0x00000000                        RAM_NS_BUFFER_LENGTH = DEFINED (RAM_NS_BUFFER_LENGTH)?RAM_NS_BUFFER_LENGTH:0x0
                0x20040000                        RAM_NS_BUFFER_START = ((RAM_START + RAM_LENGTH) - RAM_NS_BUFFER_LENGTH)
                0x20040000                        RAM_NS_BUFFER_BLOCK_START = ((RAM_START + RAM_LENGTH) - RAM_NS_BUFFER_BLOCK_LENGTH)
                0x00000080                        OPTION_SETTING_START_NS = DEFINED (PROJECT_NONSECURE)?OPTION_SETTING_START:(OPTION_SETTING_START + 0x80)
                0x00000001                        __bl_FSP_BOOTABLE_IMAGE = 0x1
                0x00000001                        __bln_FSP_BOOTABLE_IMAGE = 0x1
                0x00000000                        PROJECT_SECURE_OR_FLAT = (((! (DEFINED (PROJECT_NONSECURE)) || DEFINED (PROJECT_SECURE)) && OPTION_SETTING_LENGTH) && ! (DEFINED (FSP_BOOTABLE_IMAGE)))
                0x00000000                        USE_OPTION_SETTING_NS = (DEFINED (PROJECT_NONSECURE) && ! (DEFINED (FSP_BOOTABLE_IMAGE)))
                0x00000000                        __bl_FLASH_IMAGE_START = ! (DEFINED (FLASH_BOOTLOADER_LENGTH))?0x0:(FLASH_APPLICATION_IMAGE_NUMBER == 0x1)?((FLASH_START + FLASH_BOOTLOADER_LENGTH) + FLASH_BOOTLOADER_HEADER_LENGTH):((((FLASH_START + FLASH_BOOTLOADER_LENGTH) + FLASH_BOOTLOADER_SCRATCH_LENGTH) + FLASH_APPLICATION_S_LENGTH) + FLASH_BOOTLOADER_HEADER_LENGTH)
                0x00000000                        __bl_FLASH_IMAGE_LENGTH = ! (DEFINED (FLASH_BOOTLOADER_LENGTH))?0x0:(FLASH_APPLICATION_S_LENGTH - FLASH_BOOTLOADER_HEADER_LENGTH)
                0x00000000                        __bl_FLASH_IMAGE_END = (__bl_FLASH_IMAGE_START + __bl_FLASH_IMAGE_LENGTH)
                0x00000000                        __bl_XIP_SECONDARY_FLASH_IMAGE_START = ! (DEFINED (FLASH_BOOTLOADER_LENGTH))?0x0:((FLASH_BOOTLOADER_LENGTH + FLASH_APPLICATION_S_LENGTH) + FLASH_BOOTLOADER_HEADER_LENGTH)
                0x00000000                        __bl_XIP_SECONDARY_FLASH_IMAGE_END = (__bl_XIP_SECONDARY_FLASH_IMAGE_START + __bl_FLASH_IMAGE_LENGTH)
                0x00000000                        __bl_FLASH_NS_START = ! (DEFINED (FLASH_BOOTLOADER_LENGTH))?0x0:(FLASH_APPLICATION_NS_LENGTH == 0x0)?__bl_FLASH_IMAGE_END:((__bl_FLASH_IMAGE_START - FLASH_BOOTLOADER_HEADER_LENGTH) + FLASH_APPLICATION_S_LENGTH)
                0x00000000                        __bl_FLASH_NSC_START = ! (DEFINED (FLASH_BOOTLOADER_LENGTH))?0x0:(FLASH_APPLICATION_NS_LENGTH == 0x0)?__bl_FLASH_IMAGE_END:(__bl_FLASH_IMAGE_END - FLASH_APPLICATION_NSC_LENGTH)
                0x00000000                        __bl_RAM_NS_START = ! (DEFINED (FLASH_BOOTLOADER_LENGTH))?0x0:(FLASH_APPLICATION_NS_LENGTH == 0x0)?(RAM_START + RAM_LENGTH):((RAM_START + RAM_LENGTH) - RAM_APPLICATION_NS_LENGTH)
                0x00000000                        __bl_RAM_NSC_START = ! (DEFINED (FLASH_BOOTLOADER_LENGTH))?0x0:(FLASH_APPLICATION_NS_LENGTH == 0x0)?(RAM_START + RAM_LENGTH):(__bl_RAM_NS_START - RAM_APPLICATION_NSC_LENGTH)
                0x00000000                        __bl_FLASH_NS_IMAGE_START = ! (DEFINED (FLASH_BOOTLOADER_LENGTH))?0x0:(FLASH_APPLICATION_NS_LENGTH == 0x0)?__bl_FLASH_IMAGE_END:(__bl_FLASH_NS_START + FLASH_BOOTLOADER_HEADER_LENGTH_2)
                0x00000000                        __bln_FLASH_IMAGE_START = (__bl_FLASH_NS_IMAGE_START | ! (DEFINED (NS_OFFSET_START))?0x0:NS_OFFSET_START)
                0x00000000                        __bln_FLASH_IMAGE_LENGTH = ! (DEFINED (FLASH_BOOTLOADER_LENGTH))?0x0:(FLASH_APPLICATION_NS_LENGTH == 0x0)?__bl_FLASH_IMAGE_END:(FLASH_APPLICATION_NS_LENGTH - FLASH_BOOTLOADER_HEADER_LENGTH_2)
                0x00000000                        XIP_SECONDARY_SLOT_IMAGE = DEFINED (XIP_SECONDARY_SLOT_IMAGE)?XIP_SECONDARY_SLOT_IMAGE:0x0
                0x00000000                        FLASH_ORIGIN = ! (DEFINED (FLASH_IMAGE_START))?FLASH_START:(XIP_SECONDARY_SLOT_IMAGE == 0x1)?XIP_SECONDARY_FLASH_IMAGE_START:FLASH_IMAGE_START
                0x00100000                        LIMITED_FLASH_LENGTH = DEFINED (FLASH_IMAGE_LENGTH)?FLASH_IMAGE_LENGTH:DEFINED (FLASH_BOOTLOADER_LENGTH)?FLASH_BOOTLOADER_LENGTH:FLASH_LENGTH
                0x00000034                        OPTION_SETTING_SAS_SIZE = 0x34
                0x00000000                        OPTION_SETTING_SAS_LENGTH = ! (DEFINED (OPTION_SETTING_LENGTH))?0x0:(OPTION_SETTING_LENGTH == 0x0)?0x0:(OPTION_SETTING_LENGTH - OPTION_SETTING_SAS_SIZE)
START GROUP
LOAD C:/Program Files (x86)/Arm GNU Toolchain arm-none-eabi/13.2 Rel1/bin/../lib/gcc/arm-none-eabi/13.2.1/thumb/v7e-m+fp/hard\libgcc.a
LOAD C:/Program Files (x86)/Arm GNU Toolchain arm-none-eabi/13.2 Rel1/bin/../lib/gcc/arm-none-eabi/13.2.1/thumb/v7e-m+fp/hard\libc.a
LOAD C:/Program Files (x86)/Arm GNU Toolchain arm-none-eabi/13.2 Rel1/bin/../lib/gcc/arm-none-eabi/13.2.1/thumb/v7e-m+fp/hard\libm.a
END GROUP

.text           0x00000000     0x80a4
                0x00000000                        __tz_FLASH_S = ABSOLUTE (FLASH_START)
                0x00000000                        __ROM_Start = .
 *(.fixed_vectors*)
 .fixed_vectors
                0x00000000       0x40 ./ra/fsp/src/bsp/cmsis/Device/RENESAS/Source/startup.o
                0x00000000                __Vectors
 *(.application_vectors*)
 .application_vectors
                0x00000040      0x180 ./ra_gen/vector_data.o
                0x00000040                g_vector_table
                0x000001c0                        __Vectors_End = .
 *(.flash_gap*)
                0x00000400                        . = (OPTION_SETTING_LENGTH > 0x0)?.:(__ROM_Start + 0x400)
 *fill*         0x000001c0      0x240 ff
 *(.rom_registers*)
 .rom_registers
                0x00000400       0x3c ./ra/fsp/src/bsp/mcu/all/bsp_rom_registers.o
 *(.mcuboot_sce9_key*)
 *(.text*)
 .text.deregister_tm_clones
                0x0000043c       0x1c C:/Program Files (x86)/Arm GNU Toolchain arm-none-eabi/13.2 Rel1/bin/../lib/gcc/arm-none-eabi/13.2.1/thumb/v7e-m+fp/hard/crtbegin.o
 .text.register_tm_clones
                0x00000458       0x24 C:/Program Files (x86)/Arm GNU Toolchain arm-none-eabi/13.2 Rel1/bin/../lib/gcc/arm-none-eabi/13.2.1/thumb/v7e-m+fp/hard/crtbegin.o
 .text.__do_global_dtors_aux
                0x0000047c       0x28 C:/Program Files (x86)/Arm GNU Toolchain arm-none-eabi/13.2 Rel1/bin/../lib/gcc/arm-none-eabi/13.2.1/thumb/v7e-m+fp/hard/crtbegin.o
 .text.frame_dummy
                0x000004a4       0x24 C:/Program Files (x86)/Arm GNU Toolchain arm-none-eabi/13.2 Rel1/bin/../lib/gcc/arm-none-eabi/13.2.1/thumb/v7e-m+fp/hard/crtbegin.o
 .text._WriteNoCheck
                0x000004c8       0x38 ./src/SEGGER_RTT/SEGGER_RTT.o
 .text._WriteBlocking
                0x00000500       0x64 ./src/SEGGER_RTT/SEGGER_RTT.o
 .text._DoInit  0x00000564       0x6c ./src/SEGGER_RTT/SEGGER_RTT.o
 .text.SEGGER_RTT_ReadNoLock
                0x000005d0       0xb4 ./src/SEGGER_RTT/SEGGER_RTT.o
                0x000005d0                SEGGER_RTT_ReadNoLock
 .text.SEGGER_RTT_Read
                0x00000684       0x1c ./src/SEGGER_RTT/SEGGER_RTT.o
                0x00000684                SEGGER_RTT_Read
 .text.SEGGER_RTT_WriteNoLock
                0x000006a0       0x8c ./src/SEGGER_RTT/SEGGER_RTT.o
                0x000006a0                SEGGER_RTT_WriteNoLock
 .text.SEGGER_RTT_Write
                0x0000072c       0x34 ./src/SEGGER_RTT/SEGGER_RTT.o
                0x0000072c                SEGGER_RTT_Write
 .text.SEGGER_RTT_HasKey
                0x00000760       0x20 ./src/SEGGER_RTT/SEGGER_RTT.o
                0x00000760                SEGGER_RTT_HasKey
 .text._StoreChar
                0x00000780       0x40 ./src/SEGGER_RTT/SEGGER_RTT_printf.o
 .text._PrintUnsigned
                0x000007c0       0xf4 ./src/SEGGER_RTT/SEGGER_RTT_printf.o
 .text.SEGGER_RTT_vprintf
                0x000008b4      0x3ac ./src/SEGGER_RTT/SEGGER_RTT_printf.o
                0x000008b4                SEGGER_RTT_vprintf
 .text.SEGGER_RTT_printf
                0x00000c60       0x20 ./src/SEGGER_RTT/SEGGER_RTT_printf.o
                0x00000c60                SEGGER_RTT_printf
 .text.R_BSP_WarmStart
                0x00000c80       0x18 ./src/hal_entry.o
                0x00000c80                R_BSP_WarmStart
 .text.vTask4   0x00000c98       0x4c ./src/main_thread0_entry.o
                0x00000c98                vTask4
 .text.main_thread0_entry
                0x00000ce4       0x70 ./src/main_thread0_entry.o
                0x00000ce4                main_thread0_entry
 .text.spi_w25q32_init
                0x00000d54       0x30 ./src/spi_w25q32.o
                0x00000d54                spi_w25q32_init
 .text.spi_w25q32_deinit
                0x00000d84       0x28 ./src/spi_w25q32.o
                0x00000d84                spi_w25q32_deinit
 .text.user_spi_callback
                0x00000dac       0x10 ./src/spi_w25q32.o
                0x00000dac                user_spi_callback
 .text.W25Q_Erase_Sector
                0x00000dbc      0x13c ./src/spi_w25q32.o
                0x00000dbc                W25Q_Erase_Sector
 .text.W25Q_Page_Program
                0x00000ef8      0x194 ./src/spi_w25q32.o
                0x00000ef8                W25Q_Page_Program
 .text.W25Q_Read
                0x0000108c       0xb0 ./src/spi_w25q32.o
                0x0000108c                W25Q_Read
 .text.read_process_input_from_RTT
                0x0000113c      0x11c ./src/spi_w25q32.o
                0x0000113c                read_process_input_from_RTT
 .text.g_common_init
                0x00001258        0x4 ./ra_gen/common_data.o
                0x00001258                g_common_init
 .text.g_hal_init
                0x0000125c        0x4 ./ra_gen/hal_data.o
                0x0000125c                g_hal_init
 .text.rtos_startup_err_callback_internal
                0x00001260        0x4 ./ra_gen/main.o
                0x00001260                rtos_startup_err_callback
                0x00001260                rtos_startup_err_callback_internal
 .text.rtos_startup_common_init
                0x00001264       0x68 ./ra_gen/main.o
                0x00001264                rtos_startup_common_init
 .text.startup.main
                0x000012cc       0x3c ./ra_gen/main.o
                0x000012cc                main
 .text.main_thread0_func
                0x00001308       0x14 ./ra_gen/main_thread0.o
 .text.main_thread0_create
                0x0000131c       0x4c ./ra_gen/main_thread0.o
                0x0000131c                main_thread0_create
 .text.prvTaskExitError
                0x00001368        0x4 ./ra/fsp/src/rm_freertos_port/port.o
 .text.SVC_Handler
                0x0000136c       0x18 ./ra/fsp/src/rm_freertos_port/port.o
                0x0000136c                SVC_Handler
 .text.PendSV_Handler
                0x00001384       0x3c ./ra/fsp/src/rm_freertos_port/port.o
                0x00001384                PendSV_Handler
 .text.rm_freertos_port_restore_task_stackless
                0x000013c0       0x20 ./ra/fsp/src/rm_freertos_port/port.o
                0x000013c0                rm_freertos_port_restore_task_stackless
 .text.SysTick_Handler
                0x000013e0       0x24 ./ra/fsp/src/rm_freertos_port/port.o
                0x000013e0                SysTick_Handler
 .text.vPortSVCHandler_C
                0x00001404       0x34 ./ra/fsp/src/rm_freertos_port/port.o
                0x00001404                vPortSVCHandler_C
 .text.pxPortInitialiseStack
                0x00001438       0x28 ./ra/fsp/src/rm_freertos_port/port.o
                0x00001438                pxPortInitialiseStack
 .text.vPortEnterCritical
                0x00001460       0x50 ./ra/fsp/src/rm_freertos_port/port.o
                0x00001460                vPortEnterCritical
 .text.vPortExitCritical
                0x000014b0       0x3c ./ra/fsp/src/rm_freertos_port/port.o
                0x000014b0                vPortExitCritical
 .text.rm_freertos_port_sleep_preserving_lpm
                0x000014ec       0x6c ./ra/fsp/src/rm_freertos_port/port.o
                0x000014ec                rm_freertos_port_sleep_preserving_lpm
 .text.vApplicationIdleHook
                0x00001558       0x18 ./ra/fsp/src/rm_freertos_port/port.o
                0x00001558                vApplicationIdleHook
 .text.vPortSetupTimerInterrupt
                0x00001570       0x3c ./ra/fsp/src/rm_freertos_port/port.o
                0x00001570                vPortSetupTimerInterrupt
 .text.xPortStartScheduler
                0x000015ac       0xbc ./ra/fsp/src/rm_freertos_port/port.o
                0x000015ac                xPortStartScheduler
 .text.R_SPI_Close
                0x00001668       0xc8 ./ra/fsp/src/r_spi/r_spi.o
                0x00001668                R_SPI_Close
 .text.r_spi_write_read_common
                0x00001730      0x1b4 ./ra/fsp/src/r_spi/r_spi.o
 .text.R_SPI_Read
                0x000018e4       0x18 ./ra/fsp/src/r_spi/r_spi.o
                0x000018e4                R_SPI_Read
 .text.R_SPI_Write
                0x000018fc       0x14 ./ra/fsp/src/r_spi/r_spi.o
                0x000018fc                R_SPI_Write
 .text.r_spi_call_callback
                0x00001910       0x40 ./ra/fsp/src/r_spi/r_spi.o
 .text.R_SPI_Open
                0x00001950      0x30c ./ra/fsp/src/r_spi/r_spi.o
                0x00001950                R_SPI_Open
 .text.spi_rxi_isr
                0x00001c5c       0x98 ./ra/fsp/src/r_spi/r_spi.o
                0x00001c5c                spi_rxi_isr
 .text.spi_txi_isr
                0x00001cf4       0xd8 ./ra/fsp/src/r_spi/r_spi.o
                0x00001cf4                spi_txi_isr
 .text.spi_tei_isr
                0x00001dcc       0xe8 ./ra/fsp/src/r_spi/r_spi.o
                0x00001dcc                spi_tei_isr
 .text.spi_eri_isr
                0x00001eb4       0xe4 ./ra/fsp/src/r_spi/r_spi.o
                0x00001eb4                spi_eri_isr
 .text.r_sci_uart_call_callback
                0x00001f98       0x44 ./ra/fsp/src/r_sci_uart/r_sci_uart.o
 .text.sci_uart_txi_isr
                0x00001fdc       0x8c ./ra/fsp/src/r_sci_uart/r_sci_uart.o
                0x00001fdc                sci_uart_txi_isr
 .text.sci_uart_rxi_isr
                0x00002068       0x90 ./ra/fsp/src/r_sci_uart/r_sci_uart.o
                0x00002068                sci_uart_rxi_isr
 .text.sci_uart_tei_isr
                0x000020f8       0x48 ./ra/fsp/src/r_sci_uart/r_sci_uart.o
                0x000020f8                sci_uart_tei_isr
 .text.sci_uart_eri_isr
                0x00002140       0x78 ./ra/fsp/src/r_sci_uart/r_sci_uart.o
                0x00002140                sci_uart_eri_isr
 .text.R_IOPORT_PinWrite
                0x000021b8       0x24 ./ra/fsp/src/r_ioport/r_ioport.o
                0x000021b8                R_IOPORT_PinWrite
 .text.bsp_vbatt_init
                0x000021dc       0xe8 ./ra/fsp/src/r_ioport/r_ioport.o
 .text.r_ioport_pins_config
                0x000022c4       0xac ./ra/fsp/src/r_ioport/r_ioport.o
 .text.R_IOPORT_Open
                0x00002370       0x14 ./ra/fsp/src/r_ioport/r_ioport.o
                0x00002370                R_IOPORT_Open
 .text.iic_master_notify
                0x00002384       0x3c ./ra/fsp/src/r_iic_master/r_iic_master.o
 .text.iic_master_open_hw_master
                0x000023c0      0x1bc ./ra/fsp/src/r_iic_master/r_iic_master.o
 .text.iic_master_rxi_isr
                0x0000257c      0x174 ./ra/fsp/src/r_iic_master/r_iic_master.o
                0x0000257c                iic_master_rxi_isr
 .text.iic_master_txi_isr
                0x000026f0      0x110 ./ra/fsp/src/r_iic_master/r_iic_master.o
                0x000026f0                iic_master_txi_isr
 .text.iic_master_tei_isr
                0x00002800       0xd0 ./ra/fsp/src/r_iic_master/r_iic_master.o
                0x00002800                iic_master_tei_isr
 .text.iic_master_eri_isr
                0x000028d0      0x120 ./ra/fsp/src/r_iic_master/r_iic_master.o
                0x000028d0                iic_master_eri_isr
 .text.r_icu_isr
                0x000029f0       0x74 ./ra/fsp/src/r_icu/r_icu.o
                0x000029f0                r_icu_isr
 .text.r_gpt_call_callback
                0x00002a64       0x3c ./ra/fsp/src/r_gpt/r_gpt.o
 .text.r_gpt_capture_common_isr
                0x00002aa0       0xbc ./ra/fsp/src/r_gpt/r_gpt.o
 .text.gpt_counter_overflow_isr
                0x00002b5c       0x9c ./ra/fsp/src/r_gpt/r_gpt.o
                0x00002b5c                gpt_counter_overflow_isr
 .text.gpt_capture_a_isr
                0x00002bf8        0x8 ./ra/fsp/src/r_gpt/r_gpt.o
                0x00002bf8                gpt_capture_a_isr
 .text.r_adc_call_callback
                0x00002c00       0x54 ./ra/fsp/src/r_adc/r_adc.o
 .text.r_adc_scan_end_common_isr
                0x00002c54       0x5c ./ra/fsp/src/r_adc/r_adc.o
 .text.adc_scan_end_isr
                0x00002cb0        0x8 ./ra/fsp/src/r_adc/r_adc.o
                0x00002cb0                adc_scan_end_isr
 .text.adc_window_compare_isr
                0x00002cb8      0x118 ./ra/fsp/src/r_adc/r_adc.o
                0x00002cb8                adc_window_compare_isr
 .text.SystemCoreClockUpdate
                0x00002dd0       0x28 ./ra/fsp/src/bsp/mcu/all/bsp_clocks.o
                0x00002dd0                SystemCoreClockUpdate
 .text.R_BSP_SubClockStabilizeWaitAfterReset
                0x00002df8        0x4 ./ra/fsp/src/bsp/mcu/all/bsp_clocks.o
                0x00002df8                R_BSP_SubClockStabilizeWaitAfterReset
 .text.bsp_clock_init
                0x00002dfc      0x138 ./ra/fsp/src/bsp/mcu/all/bsp_clocks.o
                0x00002dfc                bsp_clock_init
 .text.R_BSP_Init_RTC
                0x00002f34       0xb0 ./ra/fsp/src/bsp/mcu/all/bsp_clocks.o
                0x00002f34                R_BSP_Init_RTC
 .text.__assert_func
                0x00002fe4        0x4 ./ra/fsp/src/bsp/mcu/all/bsp_common.o
                0x00002fe4                __assert_func
 .text.bsp_prv_software_delay_loop
                0x00002fe8        0xc ./ra/fsp/src/bsp/mcu/all/bsp_delay.o
                0x00002fe8                bsp_prv_software_delay_loop
 .text.R_BSP_SoftwareDelay
                0x00002ff4       0x50 ./ra/fsp/src/bsp/mcu/all/bsp_delay.o
                0x00002ff4                R_BSP_SoftwareDelay
 .text.NMI_Handler
                0x00003044       0x3c ./ra/fsp/src/bsp/mcu/all/bsp_group_irq.o
                0x00003044                NMI_Handler
 .text.bsp_irq_cfg
                0x00003080       0x30 ./ra/fsp/src/bsp/mcu/all/bsp_irq.o
                0x00003080                bsp_irq_cfg
 .text.R_BSP_RegisterProtectEnable
                0x000030b0       0x60 ./ra/fsp/src/bsp/mcu/all/bsp_register_protection.o
                0x000030b0                R_BSP_RegisterProtectEnable
 .text.R_BSP_RegisterProtectDisable
                0x00003110       0x54 ./ra/fsp/src/bsp/mcu/all/bsp_register_protection.o
                0x00003110                R_BSP_RegisterProtectDisable
 .text._sbrk    0x00003164       0x3c ./ra/fsp/src/bsp/mcu/all/bsp_sbrk.o
                0x00003164                _sbrk
 .text.Default_Handler
                0x000031a0        0x4 ./ra/fsp/src/bsp/cmsis/Device/RENESAS/Source/startup.o
                0x000031a0                HardFault_Handler
                0x000031a0                UsageFault_Handler
                0x000031a0                SecureFault_Handler
                0x000031a0                Default_Handler
                0x000031a0                MemManage_Handler
                0x000031a0                BusFault_Handler
                0x000031a0                DebugMon_Handler
 .text.Reset_Handler
                0x000031a4        0xc ./ra/fsp/src/bsp/cmsis/Device/RENESAS/Source/startup.o
                0x000031a4                Reset_Handler
 .text.SystemInit
                0x000031b0       0xbc ./ra/fsp/src/bsp/cmsis/Device/RENESAS/Source/system.o
                0x000031b0                SystemInit
 .text.bsp_init
                0x0000326c        0x4 ./ra/board/ra6m2_ek/board_init.o
                0x0000326c                bsp_init
 .text.prvInsertBlockIntoFreeList
                0x00003270       0x60 ./ra/aws/FreeRTOS/FreeRTOS/Source/portable/MemMang/heap_4.o
 .text.pvPortMalloc
                0x000032d0      0x130 ./ra/aws/FreeRTOS/FreeRTOS/Source/portable/MemMang/heap_4.o
                0x000032d0                pvPortMalloc
 .text.vPortFree
                0x00003400       0x7c ./ra/aws/FreeRTOS/FreeRTOS/Source/portable/MemMang/heap_4.o
                0x00003400                vPortFree
 .text.vListInitialise
                0x0000347c       0x18 ./ra/aws/FreeRTOS/FreeRTOS/Source/list.o
                0x0000347c                vListInitialise
 .text.vListInitialiseItem
                0x00003494        0x8 ./ra/aws/FreeRTOS/FreeRTOS/Source/list.o
                0x00003494                vListInitialiseItem
 .text.vListInsert
                0x0000349c       0x30 ./ra/aws/FreeRTOS/FreeRTOS/Source/list.o
                0x0000349c                vListInsert
 .text.uxListRemove
                0x000034cc       0x24 ./ra/aws/FreeRTOS/FreeRTOS/Source/list.o
                0x000034cc                uxListRemove
 .text.prvCopyDataToQueue
                0x000034f0       0x64 ./ra/aws/FreeRTOS/FreeRTOS/Source/queue.o
 .text.prvUnlockQueue
                0x00003554       0x8c ./ra/aws/FreeRTOS/FreeRTOS/Source/queue.o
 .text.xQueueGenericReset
                0x000035e0       0xbc ./ra/aws/FreeRTOS/FreeRTOS/Source/queue.o
                0x000035e0                xQueueGenericReset
 .text.xQueueGenericCreate
                0x0000369c       0x58 ./ra/aws/FreeRTOS/FreeRTOS/Source/queue.o
                0x0000369c                xQueueGenericCreate
 .text.xQueueCreateCountingSemaphore
                0x000036f4       0x34 ./ra/aws/FreeRTOS/FreeRTOS/Source/queue.o
                0x000036f4                xQueueCreateCountingSemaphore
 .text.xQueueGenericSend
                0x00003728      0x198 ./ra/aws/FreeRTOS/FreeRTOS/Source/queue.o
                0x00003728                xQueueGenericSend
 .text.xQueueReceive
                0x000038c0      0x178 ./ra/aws/FreeRTOS/FreeRTOS/Source/queue.o
                0x000038c0                xQueueReceive
 .text.xQueueSemaphoreTake
                0x00003a38      0x154 ./ra/aws/FreeRTOS/FreeRTOS/Source/queue.o
                0x00003a38                xQueueSemaphoreTake
 .text.vQueueAddToRegistry
                0x00003b8c       0x64 ./ra/aws/FreeRTOS/FreeRTOS/Source/queue.o
                0x00003b8c                vQueueAddToRegistry
 .text.vQueueWaitForMessageRestricted
                0x00003bf0       0x50 ./ra/aws/FreeRTOS/FreeRTOS/Source/queue.o
                0x00003bf0                vQueueWaitForMessageRestricted
 .text.prvAddCurrentTaskToDelayedList
                0x00003c40       0xa4 ./ra/aws/FreeRTOS/FreeRTOS/Source/tasks.o
 .text.prvIdleTask
                0x00003ce4       0x74 ./ra/aws/FreeRTOS/FreeRTOS/Source/tasks.o
 .text.xTaskIncrementTick.part.0
                0x00003d58      0x1b8 ./ra/aws/FreeRTOS/FreeRTOS/Source/tasks.o
 .text.xTaskCreate
                0x00003f10      0x1ec ./ra/aws/FreeRTOS/FreeRTOS/Source/tasks.o
                0x00003f10                xTaskCreate
 .text.vTaskStartScheduler
                0x000040fc       0x80 ./ra/aws/FreeRTOS/FreeRTOS/Source/tasks.o
                0x000040fc                vTaskStartScheduler
 .text.vTaskSuspendAll
                0x0000417c       0x10 ./ra/aws/FreeRTOS/FreeRTOS/Source/tasks.o
                0x0000417c                vTaskSuspendAll
 .text.xTaskResumeAll
                0x0000418c      0x1d0 ./ra/aws/FreeRTOS/FreeRTOS/Source/tasks.o
                0x0000418c                xTaskResumeAll
 .text.vTaskDelay
                0x0000435c       0x50 ./ra/aws/FreeRTOS/FreeRTOS/Source/tasks.o
                0x0000435c                vTaskDelay
 .text.xTaskGetTickCount
                0x000043ac        0xc ./ra/aws/FreeRTOS/FreeRTOS/Source/tasks.o
                0x000043ac                xTaskGetTickCount
 .text.xTaskIncrementTick
                0x000043b8       0x20 ./ra/aws/FreeRTOS/FreeRTOS/Source/tasks.o
                0x000043b8                xTaskIncrementTick
 .text.vTaskSwitchContext
                0x000043d8       0x94 ./ra/aws/FreeRTOS/FreeRTOS/Source/tasks.o
                0x000043d8                vTaskSwitchContext
 .text.vTaskPlaceOnEventList
                0x0000446c       0x3c ./ra/aws/FreeRTOS/FreeRTOS/Source/tasks.o
                0x0000446c                vTaskPlaceOnEventList
 .text.vTaskPlaceOnEventListRestricted
                0x000044a8       0x6c ./ra/aws/FreeRTOS/FreeRTOS/Source/tasks.o
                0x000044a8                vTaskPlaceOnEventListRestricted
 .text.xTaskRemoveFromEventList
                0x00004514       0xec ./ra/aws/FreeRTOS/FreeRTOS/Source/tasks.o
                0x00004514                xTaskRemoveFromEventList
 .text.vTaskInternalSetTimeOutState
                0x00004600       0x18 ./ra/aws/FreeRTOS/FreeRTOS/Source/tasks.o
                0x00004600                vTaskInternalSetTimeOutState
 .text.xTaskCheckForTimeOut
                0x00004618       0x90 ./ra/aws/FreeRTOS/FreeRTOS/Source/tasks.o
                0x00004618                xTaskCheckForTimeOut
 .text.vTaskMissedYield
                0x000046a8        0xc ./ra/aws/FreeRTOS/FreeRTOS/Source/tasks.o
                0x000046a8                vTaskMissedYield
 .text.xTaskGetSchedulerState
                0x000046b4       0x20 ./ra/aws/FreeRTOS/FreeRTOS/Source/tasks.o
                0x000046b4                xTaskGetSchedulerState
 .text.prvCheckForValidListAndQueue
                0x000046d4       0x5c ./ra/aws/FreeRTOS/FreeRTOS/Source/timers.o
 .text.prvProcessExpiredTimer
                0x00004730       0x94 ./ra/aws/FreeRTOS/FreeRTOS/Source/timers.o
 .text.prvTimerTask
                0x000047c4      0x250 ./ra/aws/FreeRTOS/FreeRTOS/Source/timers.o
 .text.xTimerCreateTimerTask
                0x00004a14       0x54 ./ra/aws/FreeRTOS/FreeRTOS/Source/timers.o
                0x00004a14                xTimerCreateTimerTask
 .text.atoi     0x00004a68        0x8 C:/Program Files (x86)/Arm GNU Toolchain arm-none-eabi/13.2 Rel1/bin/../lib/gcc/arm-none-eabi/13.2.1/thumb/v7e-m+fp/hard\libg_nano.a(libc_a-atoi.o)
                0x00004a68                atoi
 .text._strtol_l.isra.0
                0x00004a70       0xf4 C:/Program Files (x86)/Arm GNU Toolchain arm-none-eabi/13.2 Rel1/bin/../lib/gcc/arm-none-eabi/13.2.1/thumb/v7e-m+fp/hard\libg_nano.a(libc_a-strtol.o)
 .text.strtol   0x00004b64       0x14 C:/Program Files (x86)/Arm GNU Toolchain arm-none-eabi/13.2 Rel1/bin/../lib/gcc/arm-none-eabi/13.2.1/thumb/v7e-m+fp/hard\libg_nano.a(libc_a-strtol.o)
                0x00004b64                strtol
 .text.__cvt    0x00004b78       0xca C:/Program Files (x86)/Arm GNU Toolchain arm-none-eabi/13.2 Rel1/bin/../lib/gcc/arm-none-eabi/13.2.1/thumb/v7e-m+fp/hard\libg_nano.a(libc_a-nano-vfprintf_float.o)
                0x00004b78                __cvt
 .text.__exponent
                0x00004c42       0x74 C:/Program Files (x86)/Arm GNU Toolchain arm-none-eabi/13.2 Rel1/bin/../lib/gcc/arm-none-eabi/13.2.1/thumb/v7e-m+fp/hard\libg_nano.a(libc_a-nano-vfprintf_float.o)
                0x00004c42                __exponent
 *fill*         0x00004cb6        0x2 ff
 .text._printf_float
                0x00004cb8      0x454 C:/Program Files (x86)/Arm GNU Toolchain arm-none-eabi/13.2 Rel1/bin/../lib/gcc/arm-none-eabi/13.2.1/thumb/v7e-m+fp/hard\libg_nano.a(libc_a-nano-vfprintf_float.o)
                0x00004cb8                _printf_float
 .text._printf_common
                0x0000510c       0xda C:/Program Files (x86)/Arm GNU Toolchain arm-none-eabi/13.2 Rel1/bin/../lib/gcc/arm-none-eabi/13.2.1/thumb/v7e-m+fp/hard\libg_nano.a(libc_a-nano-vfprintf_i.o)
                0x0000510c                _printf_common
 .text.memset   0x000051e6       0x10 C:/Program Files (x86)/Arm GNU Toolchain arm-none-eabi/13.2 Rel1/bin/../lib/gcc/arm-none-eabi/13.2.1/thumb/v7e-m+fp/hard\libg_nano.a(libc_a-memset.o)
                0x000051e6                memset
 *fill*         0x000051f6        0x2 ff
 .text._localeconv_r
                0x000051f8        0x8 C:/Program Files (x86)/Arm GNU Toolchain arm-none-eabi/13.2 Rel1/bin/../lib/gcc/arm-none-eabi/13.2.1/thumb/v7e-m+fp/hard\libg_nano.a(libc_a-localeconv.o)
                0x000051f8                _localeconv_r
 .text.__errno  0x00005200        0xc C:/Program Files (x86)/Arm GNU Toolchain arm-none-eabi/13.2 Rel1/bin/../lib/gcc/arm-none-eabi/13.2.1/thumb/v7e-m+fp/hard\libg_nano.a(libc_a-errno.o)
                0x00005200                __errno
 .text.__retarget_lock_acquire_recursive
                0x0000520c        0x2 C:/Program Files (x86)/Arm GNU Toolchain arm-none-eabi/13.2 Rel1/bin/../lib/gcc/arm-none-eabi/13.2.1/thumb/v7e-m+fp/hard\libg_nano.a(libc_a-lock.o)
                0x0000520c                __retarget_lock_acquire_recursive
 .text.__retarget_lock_release_recursive
                0x0000520e        0x2 C:/Program Files (x86)/Arm GNU Toolchain arm-none-eabi/13.2 Rel1/bin/../lib/gcc/arm-none-eabi/13.2.1/thumb/v7e-m+fp/hard\libg_nano.a(libc_a-lock.o)
                0x0000520e                __retarget_lock_release_recursive
 .text.memcpy   0x00005210       0x1c C:/Program Files (x86)/Arm GNU Toolchain arm-none-eabi/13.2 Rel1/bin/../lib/gcc/arm-none-eabi/13.2.1/thumb/v7e-m+fp/hard\libg_nano.a(libc_a-memcpy-stub.o)
                0x00005210                memcpy
 .text          0x0000522c       0x10 C:/Program Files (x86)/Arm GNU Toolchain arm-none-eabi/13.2 Rel1/bin/../lib/gcc/arm-none-eabi/13.2.1/thumb/v7e-m+fp/hard\libg_nano.a(libc_a-strlen.o)
                0x0000522c                strlen
 .text.quorem   0x0000523c      0x110 C:/Program Files (x86)/Arm GNU Toolchain arm-none-eabi/13.2 Rel1/bin/../lib/gcc/arm-none-eabi/13.2.1/thumb/v7e-m+fp/hard\libg_nano.a(libc_a-dtoa.o)
 *fill*         0x0000534c        0x4 ff
 .text._dtoa_r  0x00005350      0xb74 C:/Program Files (x86)/Arm GNU Toolchain arm-none-eabi/13.2 Rel1/bin/../lib/gcc/arm-none-eabi/13.2.1/thumb/v7e-m+fp/hard\libg_nano.a(libc_a-dtoa.o)
                0x00005350                _dtoa_r
 .text.malloc   0x00005ec4       0x10 C:/Program Files (x86)/Arm GNU Toolchain arm-none-eabi/13.2 Rel1/bin/../lib/gcc/arm-none-eabi/13.2.1/thumb/v7e-m+fp/hard\libg_nano.a(libc_a-malloc.o)
                0x00005ec4                malloc
 .text.sbrk_aligned
                0x00005ed4       0x44 C:/Program Files (x86)/Arm GNU Toolchain arm-none-eabi/13.2 Rel1/bin/../lib/gcc/arm-none-eabi/13.2.1/thumb/v7e-m+fp/hard\libg_nano.a(libc_a-mallocr.o)
 .text._malloc_r
                0x00005f18      0x100 C:/Program Files (x86)/Arm GNU Toolchain arm-none-eabi/13.2 Rel1/bin/../lib/gcc/arm-none-eabi/13.2.1/thumb/v7e-m+fp/hard\libg_nano.a(libc_a-mallocr.o)
                0x00005f18                _malloc_r
 .text.__malloc_lock
                0x00006018        0xc C:/Program Files (x86)/Arm GNU Toolchain arm-none-eabi/13.2 Rel1/bin/../lib/gcc/arm-none-eabi/13.2.1/thumb/v7e-m+fp/hard\libg_nano.a(libc_a-mlock.o)
                0x00006018                __malloc_lock
 .text.__malloc_unlock
                0x00006024        0xc C:/Program Files (x86)/Arm GNU Toolchain arm-none-eabi/13.2 Rel1/bin/../lib/gcc/arm-none-eabi/13.2.1/thumb/v7e-m+fp/hard\libg_nano.a(libc_a-mlock.o)
                0x00006024                __malloc_unlock
 .text._Balloc  0x00006030       0x80 C:/Program Files (x86)/Arm GNU Toolchain arm-none-eabi/13.2 Rel1/bin/../lib/gcc/arm-none-eabi/13.2.1/thumb/v7e-m+fp/hard\libg_nano.a(libc_a-mprec.o)
                0x00006030                _Balloc
 .text._Bfree   0x000060b0       0x44 C:/Program Files (x86)/Arm GNU Toolchain arm-none-eabi/13.2 Rel1/bin/../lib/gcc/arm-none-eabi/13.2.1/thumb/v7e-m+fp/hard\libg_nano.a(libc_a-mprec.o)
                0x000060b0                _Bfree
 .text.__multadd
                0x000060f4       0x8c C:/Program Files (x86)/Arm GNU Toolchain arm-none-eabi/13.2 Rel1/bin/../lib/gcc/arm-none-eabi/13.2.1/thumb/v7e-m+fp/hard\libg_nano.a(libc_a-mprec.o)
                0x000060f4                __multadd
 .text.__hi0bits
                0x00006180       0x3e C:/Program Files (x86)/Arm GNU Toolchain arm-none-eabi/13.2 Rel1/bin/../lib/gcc/arm-none-eabi/13.2.1/thumb/v7e-m+fp/hard\libg_nano.a(libc_a-mprec.o)
                0x00006180                __hi0bits
 .text.__lo0bits
                0x000061be       0x5a C:/Program Files (x86)/Arm GNU Toolchain arm-none-eabi/13.2 Rel1/bin/../lib/gcc/arm-none-eabi/13.2.1/thumb/v7e-m+fp/hard\libg_nano.a(libc_a-mprec.o)
                0x000061be                __lo0bits
 .text.__i2b    0x00006218       0x2c C:/Program Files (x86)/Arm GNU Toolchain arm-none-eabi/13.2 Rel1/bin/../lib/gcc/arm-none-eabi/13.2.1/thumb/v7e-m+fp/hard\libg_nano.a(libc_a-mprec.o)
                0x00006218                __i2b
 .text.__multiply
                0x00006244      0x144 C:/Program Files (x86)/Arm GNU Toolchain arm-none-eabi/13.2 Rel1/bin/../lib/gcc/arm-none-eabi/13.2.1/thumb/v7e-m+fp/hard\libg_nano.a(libc_a-mprec.o)
                0x00006244                __multiply
 .text.__pow5mult
                0x00006388       0xb4 C:/Program Files (x86)/Arm GNU Toolchain arm-none-eabi/13.2 Rel1/bin/../lib/gcc/arm-none-eabi/13.2.1/thumb/v7e-m+fp/hard\libg_nano.a(libc_a-mprec.o)
                0x00006388                __pow5mult
 .text.__lshift
                0x0000643c       0xd8 C:/Program Files (x86)/Arm GNU Toolchain arm-none-eabi/13.2 Rel1/bin/../lib/gcc/arm-none-eabi/13.2.1/thumb/v7e-m+fp/hard\libg_nano.a(libc_a-mprec.o)
                0x0000643c                __lshift
 .text.__mcmp   0x00006514       0x36 C:/Program Files (x86)/Arm GNU Toolchain arm-none-eabi/13.2 Rel1/bin/../lib/gcc/arm-none-eabi/13.2.1/thumb/v7e-m+fp/hard\libg_nano.a(libc_a-mprec.o)
                0x00006514                __mcmp
 *fill*         0x0000654a        0x2 ff
 .text.__mdiff  0x0000654c      0x128 C:/Program Files (x86)/Arm GNU Toolchain arm-none-eabi/13.2 Rel1/bin/../lib/gcc/arm-none-eabi/13.2.1/thumb/v7e-m+fp/hard\libg_nano.a(libc_a-mprec.o)
                0x0000654c                __mdiff
 .text.__d2b    0x00006674       0xb0 C:/Program Files (x86)/Arm GNU Toolchain arm-none-eabi/13.2 Rel1/bin/../lib/gcc/arm-none-eabi/13.2.1/thumb/v7e-m+fp/hard\libg_nano.a(libc_a-mprec.o)
                0x00006674                __d2b
 .text._sbrk_r  0x00006724       0x20 C:/Program Files (x86)/Arm GNU Toolchain arm-none-eabi/13.2 Rel1/bin/../lib/gcc/arm-none-eabi/13.2.1/thumb/v7e-m+fp/hard\libg_nano.a(libc_a-sbrkr.o)
                0x00006724                _sbrk_r
 .text._calloc_r
                0x00006744       0x28 C:/Program Files (x86)/Arm GNU Toolchain arm-none-eabi/13.2 Rel1/bin/../lib/gcc/arm-none-eabi/13.2.1/thumb/v7e-m+fp/hard\libg_nano.a(libc_a-callocr.o)
                0x00006744                _calloc_r
 .text.__ascii_mbtowc
                0x0000676c       0x24 C:/Program Files (x86)/Arm GNU Toolchain arm-none-eabi/13.2 Rel1/bin/../lib/gcc/arm-none-eabi/13.2.1/thumb/v7e-m+fp/hard\libg_nano.a(libc_a-mbtowc_r.o)
                0x0000676c                __ascii_mbtowc
 .text.__ascii_wctomb
                0x00006790       0x1a C:/Program Files (x86)/Arm GNU Toolchain arm-none-eabi/13.2 Rel1/bin/../lib/gcc/arm-none-eabi/13.2.1/thumb/v7e-m+fp/hard\libg_nano.a(libc_a-wctomb_r.o)
                0x00006790                __ascii_wctomb
 *fill*         0x000067aa        0x2 ff
 .text          0x000067ac      0x378 C:/Program Files (x86)/Arm GNU Toolchain arm-none-eabi/13.2 Rel1/bin/../lib/gcc/arm-none-eabi/13.2.1/thumb/v7e-m+fp/hard\libgcc.a(_arm_addsubdf3.o)
                0x000067ac                __aeabi_drsub
                0x000067b4                __aeabi_dsub
                0x000067b4                __subdf3
                0x000067b8                __aeabi_dadd
                0x000067b8                __adddf3
                0x00006a30                __floatunsidf
                0x00006a30                __aeabi_ui2d
                0x00006a50                __floatsidf
                0x00006a50                __aeabi_i2d
                0x00006a74                __aeabi_f2d
                0x00006a74                __extendsfdf2
                0x00006ab8                __floatundidf
                0x00006ab8                __aeabi_ul2d
                0x00006ac8                __floatdidf
                0x00006ac8                __aeabi_l2d
 .text          0x00006b24      0x424 C:/Program Files (x86)/Arm GNU Toolchain arm-none-eabi/13.2 Rel1/bin/../lib/gcc/arm-none-eabi/13.2.1/thumb/v7e-m+fp/hard\libgcc.a(_arm_muldivdf3.o)
                0x00006b24                __aeabi_dmul
                0x00006b24                __muldf3
                0x00006d78                __divdf3
                0x00006d78                __aeabi_ddiv
 .text          0x00006f48      0x110 C:/Program Files (x86)/Arm GNU Toolchain arm-none-eabi/13.2 Rel1/bin/../lib/gcc/arm-none-eabi/13.2.1/thumb/v7e-m+fp/hard\libgcc.a(_arm_cmpdf2.o)
                0x00006f48                __gtdf2
                0x00006f48                __gedf2
                0x00006f50                __ltdf2
                0x00006f50                __ledf2
                0x00006f58                __nedf2
                0x00006f58                __eqdf2
                0x00006f58                __cmpdf2
                0x00006fd4                __aeabi_cdrcmple
                0x00006fe4                __aeabi_cdcmpeq
                0x00006fe4                __aeabi_cdcmple
                0x00006ff4                __aeabi_dcmpeq
                0x00007008                __aeabi_dcmplt
                0x0000701c                __aeabi_dcmple
                0x00007030                __aeabi_dcmpge
                0x00007044                __aeabi_dcmpgt
 .text          0x00007058       0x2c C:/Program Files (x86)/Arm GNU Toolchain arm-none-eabi/13.2 Rel1/bin/../lib/gcc/arm-none-eabi/13.2.1/thumb/v7e-m+fp/hard\libgcc.a(_arm_unorddf2.o)
                0x00007058                __unorddf2
                0x00007058                __aeabi_dcmpun
 .text          0x00007084       0x50 C:/Program Files (x86)/Arm GNU Toolchain arm-none-eabi/13.2 Rel1/bin/../lib/gcc/arm-none-eabi/13.2.1/thumb/v7e-m+fp/hard\libgcc.a(_arm_fixdfsi.o)
                0x00007084                __aeabi_d2iz
                0x00007084                __fixdfsi
 *(.version)
 .version       0x000070d4       0x50 ./ra/fsp/src/bsp/mcu/all/bsp_common.o
 *(.init)
 .init          0x00007124        0x4 C:/Program Files (x86)/Arm GNU Toolchain arm-none-eabi/13.2 Rel1/bin/../lib/gcc/arm-none-eabi/13.2.1/thumb/v7e-m+fp/hard/crti.o
                0x00007124                _init
 .init          0x00007128        0x8 C:/Program Files (x86)/Arm GNU Toolchain arm-none-eabi/13.2 Rel1/bin/../lib/gcc/arm-none-eabi/13.2.1/thumb/v7e-m+fp/hard/crtn.o
 *(.fini)
 .fini          0x00007130        0x4 C:/Program Files (x86)/Arm GNU Toolchain arm-none-eabi/13.2 Rel1/bin/../lib/gcc/arm-none-eabi/13.2.1/thumb/v7e-m+fp/hard/crti.o
                0x00007130                _fini
 .fini          0x00007134        0x8 C:/Program Files (x86)/Arm GNU Toolchain arm-none-eabi/13.2 Rel1/bin/../lib/gcc/arm-none-eabi/13.2.1/thumb/v7e-m+fp/hard/crtn.o
 *crtbegin.o(.ctors)
 *crtbegin?.o(.ctors)
 *(EXCLUDE_FILE(*crtend.o *crtend?.o) .ctors)
 *(SORT_BY_NAME(.ctors.*))
 *(.ctors)
 *crtbegin.o(.dtors)
 *crtbegin?.o(.dtors)
 *(EXCLUDE_FILE(*crtend.o *crtend?.o) .dtors)
 *(SORT_BY_NAME(.dtors.*))
 *(.dtors)
 *(.rodata*)
 .rodata._DoInit.str1.4
                0x0000713c      0x7d4 ./src/SEGGER_RTT/SEGGER_RTT.o
                                  0x9 (size before relaxing)
 .rodata._aInitStr.0
                0x00007910       0x11 ./src/SEGGER_RTT/SEGGER_RTT.o
 .rodata.SEGGER_RTT_vprintf.str1.4
                0x00007921        0x7 ./src/SEGGER_RTT/SEGGER_RTT_printf.o
 *fill*         0x00007921        0x3 ff
 .rodata._aV2C.0
                0x00007924       0x10 ./src/SEGGER_RTT/SEGGER_RTT_printf.o
 .rodata.vTask4.str1.4
                0x00007934       0x81 ./src/main_thread0_entry.o
 .rodata.main_thread0_entry.str1.4
                0x00007934       0x48 ./src/main_thread0_entry.o
 .rodata.__func__.0
                0x00007934       0x13 ./src/main_thread0_entry.o
 .rodata.spi_w25q32_init.str1.4
                0x00007947       0x28 ./src/spi_w25q32.o
 .rodata.read_process_input_from_RTT.str1.4
                0x00007947       0xe9 ./src/spi_w25q32.o
 *fill*         0x00007947        0x1 ff
 .rodata.__func__.0
                0x00007948        0x9 ./src/spi_w25q32.o
 *fill*         0x00007951        0x3 ff
 .rodata.__func__.1
                0x00007954        0xa ./src/spi_w25q32.o
 *fill*         0x0000795e        0x2 ff
 .rodata.__func__.2
                0x00007960       0x12 ./src/spi_w25q32.o
 *fill*         0x00007972        0x2 ff
 .rodata.__func__.3
                0x00007974       0x10 ./src/spi_w25q32.o
 .rodata.g_spi0_cfg
                0x00007984       0x24 ./ra_gen/hal_data.o
                0x00007984                g_spi0_cfg
 .rodata.g_spi0_ext_cfg
                0x000079a8        0xc ./ra_gen/hal_data.o
                0x000079a8                g_spi0_ext_cfg
 .rodata.main_thread0_create.str1.4
                0x000079b4        0xc ./ra_gen/main_thread0.o
 .rodata.main_thread0_parameters
                0x000079b4        0x4 ./ra_gen/main_thread0.o
                0x000079b4                main_thread0_parameters
 .rodata.g_bsp_pin_cfg
                0x000079b8        0xc ./ra_gen/pin_data.o
                0x000079b8                g_bsp_pin_cfg
 .rodata.g_bsp_pin_cfg_data
                0x000079c4       0x80 ./ra_gen/pin_data.o
                0x000079c4                g_bsp_pin_cfg_data
 .rodata.g_interrupt_event_link_select
                0x00007a44       0xc0 ./ra_gen/vector_data.o
                0x00007a44                g_interrupt_event_link_select
 .rodata.vPortSVCHandler_C.str1.4
                0x00007b04       0x3a ./ra/fsp/src/rm_freertos_port/port.o
 .rodata.vPortEnterCritical.str1.4
                0x00007b04       0x46 ./ra/fsp/src/rm_freertos_port/port.o
 .rodata.vPortExitCritical.str1.4
                0x00007b04       0x12 ./ra/fsp/src/rm_freertos_port/port.o
 .rodata.xPortStartScheduler.str1.4
                0x00007b04       0x2a ./ra/fsp/src/rm_freertos_port/port.o
 .rodata.__func__.1
                0x00007b04       0x12 ./ra/fsp/src/rm_freertos_port/port.o
 *fill*         0x00007b16        0x2 ff
 .rodata.__func__.2
                0x00007b18       0x13 ./ra/fsp/src/rm_freertos_port/port.o
 *fill*         0x00007b2b        0x1 ff
 .rodata.__func__.3
                0x00007b2c       0x14 ./ra/fsp/src/rm_freertos_port/port.o
 .rodata.__func__.4
                0x00007b40       0x12 ./ra/fsp/src/rm_freertos_port/port.o
 *fill*         0x00007b52        0x2 ff
 .rodata.g_vbatt_pins_input
                0x00007b54        0x6 ./ra/fsp/src/r_ioport/r_ioport.o
 *fill*         0x00007b5a        0x2 ff
 .rodata.g_prcr_masks
                0x00007b5c        0x8 ./ra/fsp/src/bsp/mcu/all/bsp_register_protection.o
 .rodata.pvPortMalloc.str1.4
                0x00007b64       0xad ./ra/aws/FreeRTOS/FreeRTOS/Source/portable/MemMang/heap_4.o
 .rodata.vPortFree.str1.4
                0x00007b64       0x9b ./ra/aws/FreeRTOS/FreeRTOS/Source/portable/MemMang/heap_4.o
 .rodata.__func__.0
                0x00007b64        0xa ./ra/aws/FreeRTOS/FreeRTOS/Source/portable/MemMang/heap_4.o
 *fill*         0x00007b6e        0x2 ff
 .rodata.__func__.1
                0x00007b70        0xd ./ra/aws/FreeRTOS/FreeRTOS/Source/portable/MemMang/heap_4.o
 .rodata.vQueueUnregisterQueue.part.0.str1.4
                0x00007b7d       0x33 ./ra/aws/FreeRTOS/FreeRTOS/Source/queue.o
 .rodata.xQueueGenericReset.str1.4
                0x00007b7d       0x2c ./ra/aws/FreeRTOS/FreeRTOS/Source/queue.o
 .rodata.xQueueGenericCreate.str1.4
                0x00007b7d        0xb ./ra/aws/FreeRTOS/FreeRTOS/Source/queue.o
 .rodata.xQueueCreateCountingSemaphore.str1.4
                0x00007b7d        0x8 ./ra/aws/FreeRTOS/FreeRTOS/Source/queue.o
 .rodata.xQueueGenericSend.str1.4
                0x00007b7d       0xfb ./ra/aws/FreeRTOS/FreeRTOS/Source/queue.o
 .rodata.xQueueGiveFromISR.str1.4
                0x00007b7d       0x7d ./ra/aws/FreeRTOS/FreeRTOS/Source/queue.o
 .rodata.xQueueReceive.str1.4
                0x00007b7d       0x66 ./ra/aws/FreeRTOS/FreeRTOS/Source/queue.o
 *fill*         0x00007b7d        0x3 ff
 .rodata.__func__.2
                0x00007b80       0x14 ./ra/aws/FreeRTOS/FreeRTOS/Source/queue.o
 .rodata.__func__.12
                0x00007b94       0x14 ./ra/aws/FreeRTOS/FreeRTOS/Source/queue.o
 .rodata.__func__.13
                0x00007ba8        0xe ./ra/aws/FreeRTOS/FreeRTOS/Source/queue.o
 *fill*         0x00007bb6        0x2 ff
 .rodata.__func__.16
                0x00007bb8       0x12 ./ra/aws/FreeRTOS/FreeRTOS/Source/queue.o
 *fill*         0x00007bca        0x2 ff
 .rodata.__func__.17
                0x00007bcc       0x1e ./ra/aws/FreeRTOS/FreeRTOS/Source/queue.o
 *fill*         0x00007bea        0x2 ff
 .rodata.__func__.18
                0x00007bec       0x14 ./ra/aws/FreeRTOS/FreeRTOS/Source/queue.o
 .rodata.__func__.19
                0x00007c00       0x13 ./ra/aws/FreeRTOS/FreeRTOS/Source/queue.o
 .rodata.prvTaskIsTaskSuspended.part.0.str1.4
                0x00007c13       0x33 ./ra/aws/FreeRTOS/FreeRTOS/Source/tasks.o
 .rodata.xTaskIncrementTick.part.0.str1.4
                0x00007c13       0x76 ./ra/aws/FreeRTOS/FreeRTOS/Source/tasks.o
 .rodata.xTaskCreate.str1.4
                0x00007c13       0x12 ./ra/aws/FreeRTOS/FreeRTOS/Source/tasks.o
 .rodata.vTaskDelete.str1.4
                0x00007c13       0x2b ./ra/aws/FreeRTOS/FreeRTOS/Source/tasks.o
 .rodata.vTaskStartScheduler.str1.4
                0x00007c13       0x1a ./ra/aws/FreeRTOS/FreeRTOS/Source/tasks.o
 .rodata.xTaskResumeAll.str1.4
                0x00007c13       0x2b ./ra/aws/FreeRTOS/FreeRTOS/Source/tasks.o
 .rodata.vTaskSwitchContext.str1.4
                0x00007c13        0xe ./ra/aws/FreeRTOS/FreeRTOS/Source/tasks.o
 .rodata.vTaskPlaceOnEventList.str1.4
                0x00007c13        0xc ./ra/aws/FreeRTOS/FreeRTOS/Source/tasks.o
 .rodata.xTaskRemoveFromEventList.str1.4
                0x00007c13        0xf ./ra/aws/FreeRTOS/FreeRTOS/Source/tasks.o
 .rodata.vTaskSetTimeOutState.str1.4
                0x00007c13        0xa ./ra/aws/FreeRTOS/FreeRTOS/Source/tasks.o
 .rodata.xTaskCheckForTimeOut.str1.4
                0x00007c13        0xe ./ra/aws/FreeRTOS/FreeRTOS/Source/tasks.o
 *fill*         0x00007c13        0x1 ff
 .rodata.__func__.8
                0x00007c14       0x15 ./ra/aws/FreeRTOS/FreeRTOS/Source/tasks.o
 *fill*         0x00007c29        0x3 ff
 .rodata.__func__.11
                0x00007c2c       0x19 ./ra/aws/FreeRTOS/FreeRTOS/Source/tasks.o
 *fill*         0x00007c45        0x3 ff
 .rodata.__func__.12
                0x00007c48       0x20 ./ra/aws/FreeRTOS/FreeRTOS/Source/tasks.o
 .rodata.__func__.14
                0x00007c68       0x16 ./ra/aws/FreeRTOS/FreeRTOS/Source/tasks.o
 *fill*         0x00007c7e        0x2 ff
 .rodata.__func__.15
                0x00007c80       0x13 ./ra/aws/FreeRTOS/FreeRTOS/Source/tasks.o
 *fill*         0x00007c93        0x1 ff
 .rodata.__func__.16
                0x00007c94       0x13 ./ra/aws/FreeRTOS/FreeRTOS/Source/tasks.o
 *fill*         0x00007ca7        0x1 ff
 .rodata.__func__.19
                0x00007ca8        0xf ./ra/aws/FreeRTOS/FreeRTOS/Source/tasks.o
 *fill*         0x00007cb7        0x1 ff
 .rodata.__func__.20
                0x00007cb8       0x14 ./ra/aws/FreeRTOS/FreeRTOS/Source/tasks.o
 .rodata.__func__.26
                0x00007ccc        0xb ./ra/aws/FreeRTOS/FreeRTOS/Source/tasks.o
 *fill*         0x00007cd7        0x1 ff
 .rodata.__func__.29
                0x00007cd8       0x15 ./ra/aws/FreeRTOS/FreeRTOS/Source/tasks.o
 *fill*         0x00007ced        0x3 ff
 .rodata.uxTopUsedPriority
                0x00007cf0        0x4 ./ra/aws/FreeRTOS/FreeRTOS/Source/tasks.o
                0x00007cf0                uxTopUsedPriority
 .rodata.prvCheckForValidListAndQueue.str1.4
                0x00007cf4        0x5 ./ra/aws/FreeRTOS/FreeRTOS/Source/timers.o
 .rodata.xTimerGetReloadMode.part.0.str1.4
                0x00007cf4       0x34 ./ra/aws/FreeRTOS/FreeRTOS/Source/timers.o
 .rodata.prvTimerTask.str1.4
                0x00007cf4       0x25 ./ra/aws/FreeRTOS/FreeRTOS/Source/timers.o
 .rodata.xTimerCreateTimerTask.str1.4
                0x00007cf4       0x10 ./ra/aws/FreeRTOS/FreeRTOS/Source/timers.o
 .rodata.__func__.11
                0x00007cf4       0x1b ./ra/aws/FreeRTOS/FreeRTOS/Source/timers.o
 *fill*         0x00007d0f        0x1 ff
 .rodata.__func__.13
                0x00007d10       0x16 ./ra/aws/FreeRTOS/FreeRTOS/Source/timers.o
 .rodata._ctype_
                0x00007d26      0x101 C:/Program Files (x86)/Arm GNU Toolchain arm-none-eabi/13.2 Rel1/bin/../lib/gcc/arm-none-eabi/13.2.1/thumb/v7e-m+fp/hard\libg_nano.a(libc_a-ctype_.o)
                0x00007d26                _ctype_
 .rodata._printf_float.str1.1
                0x00007e27      0x104 C:/Program Files (x86)/Arm GNU Toolchain arm-none-eabi/13.2 Rel1/bin/../lib/gcc/arm-none-eabi/13.2.1/thumb/v7e-m+fp/hard\libg_nano.a(libc_a-nano-vfprintf_float.o)
                                 0x12 (size before relaxing)
 .rodata._dtoa_r.str1.1
                0x00007f2b       0x90 C:/Program Files (x86)/Arm GNU Toolchain arm-none-eabi/13.2 Rel1/bin/../lib/gcc/arm-none-eabi/13.2.1/thumb/v7e-m+fp/hard\libg_nano.a(libc_a-dtoa.o)
 .rodata._Balloc.str1.1
                0x00007f2b       0x71 C:/Program Files (x86)/Arm GNU Toolchain arm-none-eabi/13.2 Rel1/bin/../lib/gcc/arm-none-eabi/13.2.1/thumb/v7e-m+fp/hard\libg_nano.a(libc_a-mprec.o)
 .rodata.__multadd.str1.1
                0x00007f2b       0x11 C:/Program Files (x86)/Arm GNU Toolchain arm-none-eabi/13.2 Rel1/bin/../lib/gcc/arm-none-eabi/13.2.1/thumb/v7e-m+fp/hard\libg_nano.a(libc_a-mprec.o)
 *fill*         0x00007f2b        0x1 ff
 .rodata.p05.0  0x00007f2c        0xc C:/Program Files (x86)/Arm GNU Toolchain arm-none-eabi/13.2 Rel1/bin/../lib/gcc/arm-none-eabi/13.2.1/thumb/v7e-m+fp/hard\libg_nano.a(libc_a-mprec.o)
 .rodata.__mprec_bigtens
                0x00007f38       0x28 C:/Program Files (x86)/Arm GNU Toolchain arm-none-eabi/13.2 Rel1/bin/../lib/gcc/arm-none-eabi/13.2.1/thumb/v7e-m+fp/hard\libg_nano.a(libc_a-mprec.o)
                0x00007f38                __mprec_bigtens
 .rodata.__mprec_tens
                0x00007f60       0xc8 C:/Program Files (x86)/Arm GNU Toolchain arm-none-eabi/13.2 Rel1/bin/../lib/gcc/arm-none-eabi/13.2.1/thumb/v7e-m+fp/hard\libg_nano.a(libc_a-mprec.o)
                0x00007f60                __mprec_tens
 .rodata._setlocale_r.str1.1
                0x00008028        0x9 C:/Program Files (x86)/Arm GNU Toolchain arm-none-eabi/13.2 Rel1/bin/../lib/gcc/arm-none-eabi/13.2.1/thumb/v7e-m+fp/hard\libg_nano.a(libc_a-locale.o)
 .rodata.str1.1
                0x00008028        0x2 C:/Program Files (x86)/Arm GNU Toolchain arm-none-eabi/13.2 Rel1/bin/../lib/gcc/arm-none-eabi/13.2.1/thumb/v7e-m+fp/hard\libg_nano.a(libc_a-locale.o)
                0x00008028                        __usb_dev_descriptor_start_fs = .
 *(.usb_device_desc_fs*)
                0x00008028                        __usb_cfg_descriptor_start_fs = .
 *(.usb_config_desc_fs*)
                0x00008028                        __usb_interface_descriptor_start_fs = .
 *(.usb_interface_desc_fs*)
                0x00008028                        __usb_descriptor_end_fs = .
                0x00008028                        __usb_dev_descriptor_start_hs = .
 *(.usb_device_desc_hs*)
                0x00008028                        __usb_cfg_descriptor_start_hs = .
 *(.usb_config_desc_hs*)
                0x00008028                        __usb_interface_descriptor_start_hs = .
 *(.usb_interface_desc_hs*)
                0x00008028                        __usb_descriptor_end_hs = .
 *(.eh_frame*)
 .eh_frame      0x00008028        0x0 C:/Program Files (x86)/Arm GNU Toolchain arm-none-eabi/13.2 Rel1/bin/../lib/gcc/arm-none-eabi/13.2.1/thumb/v7e-m+fp/hard/crtbegin.o
 .eh_frame      0x00008028       0x50 C:/Program Files (x86)/Arm GNU Toolchain arm-none-eabi/13.2 Rel1/bin/../lib/gcc/arm-none-eabi/13.2.1/thumb/v7e-m+fp/hard\libg_nano.a(libc_a-memchr.o)
 .eh_frame      0x00008078       0x28 C:/Program Files (x86)/Arm GNU Toolchain arm-none-eabi/13.2 Rel1/bin/../lib/gcc/arm-none-eabi/13.2.1/thumb/v7e-m+fp/hard\libg_nano.a(libc_a-strlen.o)
 .eh_frame      0x000080a0        0x4 C:/Program Files (x86)/Arm GNU Toolchain arm-none-eabi/13.2 Rel1/bin/../lib/gcc/arm-none-eabi/13.2.1/thumb/v7e-m+fp/hard/crtend.o
                0x000080a4                        __ROM_End = .
                0x000001c0                        __Vectors_Size = (__Vectors_End - __Vectors)

.glue_7         0x000080a4        0x0
 .glue_7        0x000080a4        0x0 linker stubs

.glue_7t        0x000080a4        0x0
 .glue_7t       0x000080a4        0x0 linker stubs

.vfp11_veneer   0x000080a4        0x0
 .vfp11_veneer  0x000080a4        0x0 linker stubs

.v4_bx          0x000080a4        0x0
 .v4_bx         0x000080a4        0x0 linker stubs

.iplt           0x000080a4        0x0
 .iplt          0x000080a4        0x0 C:/Program Files (x86)/Arm GNU Toolchain arm-none-eabi/13.2 Rel1/bin/../lib/gcc/arm-none-eabi/13.2.1/thumb/v7e-m+fp/hard/crtbegin.o
                0x000080a4                        . = .
                0x000080a4                        __itcm_data_pre_location = .

.itcm_data      0x00000000        0x0 load address 0x000080b0
                0x00000000                        __tz_ITCM_S = ABSOLUTE (ITCM_START)
                0x00000000                        __itcm_data_start = .
 *(.itcm_data*)
                0x00000000                        . = ALIGN (0x8)
                0x00000000                        __itcm_data_end = .
                0x00000000                        __tz_ITCM_N = DEFINED (ITCM_NS_START)?ABSOLUTE (ITCM_NS_START):ALIGN (__itcm_data_end, 0x2000)
                0x000080b0                        __itcm_data_init_start = LOADADDR (.itcm_data)
                0x000080b0                        __itcm_data_init_end = (LOADADDR (.itcm_data) + SIZEOF (.itcm_data))
                0x00000001                        ASSERT (((ORIGIN (ITCM) % 0x8) == 0x0), ITCM memory region origin must be aligned to 8 bytes.)
                0x00000001                        ASSERT (((LENGTH (ITCM) % 0x8) == 0x0), ITCM memory region length must be a multiple of 8 bytes.)
                0x00000001                        ASSERT (((LOADADDR (.itcm_data) % 0x10) == 0x0), .itcm_data section must be aligned to 16 bytes.)
                0x00000001                        ASSERT (((SIZEOF (.itcm_data) % 0x8) == 0x0), .itcm_data section size must be a multiple of 8 bytes.)
                0x000080a4                        . = (SIZEOF (.itcm_data) > 0x0)?__itcm_data_init_end:__itcm_data_pre_location
                0x000080a4                        __exidx_start = .

/DISCARD/
 *(.ARM.extab* .gnu.linkonce.armextab.*)
 *(.ARM.exidx* .gnu.linkonce.armexidx.*)
                0x000080a4                        __exidx_end = .
                0x000080a4                        __etext = .
                0x1ffe0000                        __tz_RAM_S = ORIGIN (RAM)

.fsp_dtc_vector_table
                0x1ffe0000        0x0
                0x1ffe0000                        . = ORIGIN (RAM)
 *(.fsp_dtc_vector_table)

.data           0x1ffe0000      0x1c4 load address 0x000080a4
                0x1ffe0000                        __data_start__ = .
                0x1ffe0000                        . = ALIGN (0x4)
                0x1ffe0000                        __Code_In_RAM_Start = .
 *(.code_in_ram*)
                0x1ffe0000                        __Code_In_RAM_End = .
 *(vtable)
 *(.data.*)
 .data._impure_ptr
                0x1ffe0000        0x4 C:/Program Files (x86)/Arm GNU Toolchain arm-none-eabi/13.2 Rel1/bin/../lib/gcc/arm-none-eabi/13.2.1/thumb/v7e-m+fp/hard\libg_nano.a(libc_a-impure.o)
                0x1ffe0000                _impure_ptr
 .data._impure_data
                0x1ffe0004       0x4c C:/Program Files (x86)/Arm GNU Toolchain arm-none-eabi/13.2 Rel1/bin/../lib/gcc/arm-none-eabi/13.2.1/thumb/v7e-m+fp/hard\libg_nano.a(libc_a-impure.o)
                0x1ffe0004                _impure_data
 .data.__global_locale
                0x1ffe0050      0x16c C:/Program Files (x86)/Arm GNU Toolchain arm-none-eabi/13.2 Rel1/bin/../lib/gcc/arm-none-eabi/13.2.1/thumb/v7e-m+fp/hard\libg_nano.a(libc_a-locale.o)
                0x1ffe0050                __global_locale
 *(.data)
                0x1ffe01bc                        . = ALIGN (0x4)
                0x1ffe01bc                        PROVIDE (__preinit_array_start = .)
 *(.preinit_array)
                0x1ffe01bc                        PROVIDE (__preinit_array_end = .)
                0x1ffe01bc                        . = ALIGN (0x4)
                0x1ffe01bc                        PROVIDE (__init_array_start = .)
 *(SORT_BY_NAME(.init_array.*))
 *(.init_array)
 .init_array    0x1ffe01bc        0x4 C:/Program Files (x86)/Arm GNU Toolchain arm-none-eabi/13.2 Rel1/bin/../lib/gcc/arm-none-eabi/13.2.1/thumb/v7e-m+fp/hard/crtbegin.o
                0x1ffe01c0                        PROVIDE (__init_array_end = .)
                0x1ffe01c0                        . = ALIGN (0x4)
                [!provide]                        PROVIDE (__fini_array_start = .)
 *(SORT_BY_NAME(.fini_array.*))
 *(.fini_array)
 .fini_array    0x1ffe01c0        0x4 C:/Program Files (x86)/Arm GNU Toolchain arm-none-eabi/13.2 Rel1/bin/../lib/gcc/arm-none-eabi/13.2.1/thumb/v7e-m+fp/hard/crtbegin.o
                [!provide]                        PROVIDE (__fini_array_end = .)
 *(.jcr*)
                0x1ffe01c4                        . = ALIGN (0x4)
                0x1ffe01c4                        __data_end__ = .

.tm_clone_table
                0x1ffe01c4        0x0 load address 0x00008268
 .tm_clone_table
                0x1ffe01c4        0x0 C:/Program Files (x86)/Arm GNU Toolchain arm-none-eabi/13.2 Rel1/bin/../lib/gcc/arm-none-eabi/13.2.1/thumb/v7e-m+fp/hard/crtbegin.o
 .tm_clone_table
                0x1ffe01c4        0x0 C:/Program Files (x86)/Arm GNU Toolchain arm-none-eabi/13.2 Rel1/bin/../lib/gcc/arm-none-eabi/13.2.1/thumb/v7e-m+fp/hard/crtend.o

.igot.plt       0x1ffe01c4        0x0 load address 0x00008268
 .igot.plt      0x1ffe01c4        0x0 C:/Program Files (x86)/Arm GNU Toolchain arm-none-eabi/13.2 Rel1/bin/../lib/gcc/arm-none-eabi/13.2.1/thumb/v7e-m+fp/hard/crtbegin.o
                0x1ffe01c4                        . = .
                0x00008268                        __dtcm_data_pre_location = (LOADADDR (.data) + SIZEOF (.data))

.dtcm_data      0x00000000        0x0 load address 0x00008270
                0x00000000                        __tz_DTCM_S = ABSOLUTE (DTCM_START)
                0x00000000                        __dtcm_data_start = .
 *(.dtcm_data*)
                0x00000000                        . = ALIGN (0x8)
                0x00000000                        __dtcm_data_end = .
                0x00000000                        . = __dtcm_data_end

.dtcm_bss       0x00000000        0x0
                0x00000000                        __dtcm_bss_start = .
 *(.dtcm_bss*)
                0x00000000                        . = ALIGN (0x8)
                0x00000000                        __dtcm_bss_end = .
                0x00000000                        __tz_DTCM_N = DEFINED (DTCM_NS_START)?ABSOLUTE (DTCM_NS_START):ALIGN (__dtcm_bss_end, 0x2000)
                0x00008270                        __dtcm_data_init_start = LOADADDR (.dtcm_data)
                0x00008270                        __dtcm_data_init_end = (LOADADDR (.dtcm_data) + SIZEOF (.dtcm_data))
                0x00000001                        ASSERT (((ORIGIN (DTCM) % 0x8) == 0x0), DTCM memory region origin must be aligned to 8 bytes.)
                0x00000001                        ASSERT (((LENGTH (DTCM) % 0x8) == 0x0), DTCM memory region length must be a multiple of 8 bytes.)
                0x00000001                        ASSERT ((LOADADDR (.dtcm_bss) == ADDR (.dtcm_bss)), .dtcm_bss has (VMA != LMA) but should be NOLOAD (VMA == LMA).)
                0x00000001                        ASSERT (((LOADADDR (.dtcm_data) % 0x10) == 0x0), .dtcm_data section must be aligned to 16 bytes.)
                0x00000001                        ASSERT (((SIZEOF (.dtcm_data) % 0x8) == 0x0), .dtcm_data section size must be a multiple of 8 bytes.)
                0x00000001                        ASSERT (((LOADADDR (.dtcm_bss) % 0x8) == 0x0), .dtcm_bss section must be aligned to 8 bytes.)
                0x00000001                        ASSERT (((SIZEOF (.dtcm_bss) % 0x8) == 0x0), .dtcm_bss section size must be a multiple of 8 bytes.)
                0x00000001                        ASSERT ((__dtcm_bss_start == __dtcm_data_end), .dtcm_bss section is not adjacent to .dtcm_data section.)
                0x00008268                        . = (SIZEOF (.dtcm_data) > 0x0)?__dtcm_data_init_end:__dtcm_data_pre_location
                0x00008268                        sgstubs_pre_location = .
                0x00008400                        SGSTUBS_LOC = (DEFINED (PROJECT_SECURE) && DEFINED (FLASH_NSC_START))?ABSOLUTE (FLASH_NSC_START):ALIGN (0x400)

.gnu.sgstubs    0x00008400        0x0
                0x00008400                        __tz_FLASH_C = DEFINED (FLASH_NSC_START)?ABSOLUTE (FLASH_NSC_START):__RESERVE_NS_RAM?ABSOLUTE ((FLASH_START + FLASH_LENGTH)):ALIGN (0x400)
                0x00008400                        _start_sg = .
 *(.gnu.sgstubs*)
                0x00008400                        . = ALIGN (0x20)
                0x00008400                        _end_sg = .
                0x00010000                        __tz_FLASH_N = DEFINED (FLASH_NS_START)?ABSOLUTE (FLASH_NS_START):__RESERVE_NS_RAM?ABSOLUTE ((FLASH_START + FLASH_LENGTH)):(FLASH_LENGTH < 0x8000)?FLASH_LENGTH:ALIGN (0x8000)
                0x00010000                        FLASH_NS_IMAGE_START = DEFINED (FLASH_NS_IMAGE_START)?FLASH_NS_IMAGE_START:__tz_FLASH_N
                0x60000000                        __tz_QSPI_FLASH_S = ORIGIN (QSPI_FLASH)

.qspi_flash     0x60000000        0x0
                0x60000000                        __qspi_flash_start__ = .
 *(.qspi_flash*)
 *(.code_in_qspi*)
                0x60000000                        __qspi_flash_end__ = .
                0x00000000                        __qspi_flash_code_size__ = (__qspi_flash_end__ - __qspi_flash_start__)
                0x00008268                        __qspi_flash_code_addr__ = sgstubs_pre_location

.qspi_non_retentive
                0x60000000        0x0 load address 0x00008268
                0x60000000                        __qspi_non_retentive_start__ = .
 *(.qspi_non_retentive*)
                0x60000000                        __qspi_non_retentive_end__ = .
                0x00000000                        __qspi_non_retentive_size__ = (__qspi_non_retentive_end__ - __qspi_non_retentive_start__)
                0x04000000                        __qspi_region_max_size__ = 0x4000000
                0x60000000                        __qspi_region_start_address__ = __qspi_flash_start__
                0x64000000                        __qspi_region_end_address__ = (__qspi_flash_start__ + __qspi_region_max_size__)
                0x60000000                        __tz_QSPI_FLASH_N = __qspi_non_retentive_end__

.OSPI_DEVICE_0_NO_LOAD
                0x80020000        0x0
                0x80020000                        . = ALIGN (0x4)
                0x80020000                        __ospi_device_0_start__ = .
 *(.ospi_device_0_no_load*)
                0x80020000                        . = ALIGN (0x4)
                0x80020000                        __ospi_device_0_end__ = .

.OSPI_DEVICE_1_NO_LOAD
                0x80030000        0x0
                0x80030000                        . = ALIGN (0x4)
                0x80030000                        __ospi_device_1_start__ = .
 *(.ospi_device_1_no_load*)
                0x80030000                        . = ALIGN (0x4)
                0x80030000                        __ospi_device_1_end__ = .
                0x80020000                        __tz_OSPI_DEVICE_0_S = ORIGIN (OSPI_DEVICE_0)

.OSPI_DEVICE_0  0x80020000        0x0
                0x80020000                        __ospi_device_0_start__ = .
 *(.ospi_device_0*)
 *(.code_in_ospi_device_0*)
                0x80020000                        __ospi_device_0_end__ = .
                0x00000000                        __ospi_device_0_code_size__ = (__ospi_device_0_end__ - __ospi_device_0_start__)
                0x00008268                        __ospi_device_0_code_addr__ = (sgstubs_pre_location + SIZEOF (.qspi_non_retentive))

.ospi_device_0_non_retentive
                0x80020000        0x0 load address 0x00008268
                0x80020000                        __ospi_device_0_non_retentive_start__ = .
 *(.ospi_device_0_non_retentive*)
                0x80020000                        __ospi_device_0_non_retentive_end__ = .
                0x00000000                        __ospi_device_0_non_retentive_size__ = (__ospi_device_0_non_retentive_end__ - __ospi_device_0_non_retentive_start__)
                0x08000000                        __ospi_device_0_region_max_size__ = 0x8000000
                0x80020000                        __ospi_device_0_region_start_address__ = __ospi_device_0_start__
                0x88020000                        __ospi_device_0_region_end_address__ = (__ospi_device_0_start__ + __ospi_device_0_region_max_size__)
                0x80020000                        __tz_OSPI_DEVICE_0_N = __ospi_device_0_non_retentive_end__
                0x80030000                        __tz_OSPI_DEVICE_1_S = ORIGIN (OSPI_DEVICE_1)

.OSPI_DEVICE_1  0x80030000        0x0
                0x80030000                        __ospi_device_1_start__ = .
 *(.ospi_device_1*)
 *(.code_in_ospi_device_1*)
                0x80030000                        __ospi_device_1_end__ = .
                0x00000000                        __ospi_device_1_code_size__ = (__ospi_device_1_end__ - __ospi_device_1_start__)
                0x00008268                        __ospi_device_1_code_addr__ = (sgstubs_pre_location + (SIZEOF (.qspi_non_retentive) + SIZEOF (.ospi_device_0_non_retentive)))

.ospi_device_1_non_retentive
                0x80030000        0x0 load address 0x00008268
                0x80030000                        __ospi_device_1_non_retentive_start__ = .
 *(.ospi_device_1_non_retentive*)
                0x80030000                        __ospi_device_1_non_retentive_end__ = .
                0x00000000                        __ospi_device_1_non_retentive_size__ = (__ospi_device_1_non_retentive_end__ - __ospi_device_1_non_retentive_start__)
                0x10000000                        __ospi_device_1_region_max_size__ = 0x10000000
                0x80030000                        __ospi_device_1_region_start_address__ = __ospi_device_1_start__
                0x90030000                        __ospi_device_1_region_end_address__ = (__ospi_device_1_start__ + __ospi_device_1_region_max_size__)
                0x80030000                        __tz_OSPI_DEVICE_1_N = __ospi_device_1_non_retentive_end__

.noinit         0x1ffe01c4       0x1c
                0x1ffe01c4                        . = ALIGN (0x4)
                0x1ffe01c4                        __noinit_start = .
 *(.noinit*)
 .noinit        0x1ffe01c4       0x18 ./ra/fsp/src/bsp/mcu/all/bsp_clocks.o
                0x1ffe01e0                        . = ALIGN (0x8)
 *fill*         0x1ffe01dc        0x4 
 *(.heap.*)
                0x1ffe01e0                        __noinit_end = .

.bss            0x1ffe01e0     0x32d0
                0x1ffe01e0                        . = ALIGN (0x4)
                0x1ffe01e0                        __bss_start__ = .
 *(.bss*)
 .bss.completed.1
                0x1ffe01e0        0x1 C:/Program Files (x86)/Arm GNU Toolchain arm-none-eabi/13.2 Rel1/bin/../lib/gcc/arm-none-eabi/13.2.1/thumb/v7e-m+fp/hard/crtbegin.o
 *fill*         0x1ffe01e1        0x3 
 .bss.object.0  0x1ffe01e4       0x18 C:/Program Files (x86)/Arm GNU Toolchain arm-none-eabi/13.2 Rel1/bin/../lib/gcc/arm-none-eabi/13.2.1/thumb/v7e-m+fp/hard/crtbegin.o
 .bss._acDownBuffer
                0x1ffe01fc       0x10 ./src/SEGGER_RTT/SEGGER_RTT.o
 .bss._acUpBuffer
                0x1ffe020c      0x400 ./src/SEGGER_RTT/SEGGER_RTT.o
 .bss._SEGGER_RTT
                0x1ffe060c       0xa8 ./src/SEGGER_RTT/SEGGER_RTT.o
                0x1ffe060c                _SEGGER_RTT
 .bss.queue2_handle
                0x1ffe06b4        0x4 ./src/main_thread0_entry.o
                0x1ffe06b4                queue2_handle
 .bss.queue1_handle
                0x1ffe06b8        0x4 ./src/main_thread0_entry.o
                0x1ffe06b8                queue1_handle
 .bss.g_spi_transfer_complete
                0x1ffe06bc        0x1 ./src/spi_w25q32.o
                0x1ffe06bc                g_spi_transfer_complete
 *fill*         0x1ffe06bd        0x3 
 .bss.g_ioport_ctrl
                0x1ffe06c0        0x8 ./ra_gen/common_data.o
                0x1ffe06c0                g_ioport_ctrl
 .bss.g_spi0_ctrl
                0x1ffe06c8       0x30 ./ra_gen/hal_data.o
                0x1ffe06c8                g_spi0_ctrl
 .bss.g_fsp_common_initialized_semaphore
                0x1ffe06f8        0x4 ./ra_gen/main.o
                0x1ffe06f8                g_fsp_common_initialized_semaphore
 .bss.g_fsp_common_initialized
                0x1ffe06fc        0x1 ./ra_gen/main.o
                0x1ffe06fc                g_fsp_common_initialized
 *fill*         0x1ffe06fd        0x3 
 .bss.g_fsp_common_thread_count
                0x1ffe0700        0x4 ./ra_gen/main.o
                0x1ffe0700                g_fsp_common_thread_count
 .bss.main_thread0
                0x1ffe0704        0x4 ./ra_gen/main_thread0.o
                0x1ffe0704                main_thread0
 .bss.ulMaxPRIGROUPValue
                0x1ffe0708        0x4 ./ra/fsp/src/rm_freertos_port/port.o
 .bss.ucMaxSysCallPriority
                0x1ffe070c        0x1 ./ra/fsp/src/rm_freertos_port/port.o
 *fill*         0x1ffe070d        0x3 
 .bss.g_mask_level_before_disable
                0x1ffe0710        0x4 ./ra/fsp/src/rm_freertos_port/port.o
 .bss.uxCriticalNesting
                0x1ffe0714        0x4 ./ra/fsp/src/rm_freertos_port/port.o
 .bss.dummy_tx.0
                0x1ffe0718        0x4 ./ra/fsp/src/r_spi/r_spi.o
 .bss.dummy_rx.1
                0x1ffe071c        0x4 ./ra/fsp/src/r_spi/r_spi.o
 .bss.g_bsp_group_irq_sources
                0x1ffe0720       0x40 ./ra/fsp/src/bsp/mcu/all/bsp_group_irq.o
                0x1ffe0720                g_bsp_group_irq_sources
 .bss.g_protect_pfswe_counter
                0x1ffe0760        0x4 ./ra/fsp/src/bsp/mcu/all/bsp_io.o
                0x1ffe0760                g_protect_pfswe_counter
 .bss.gp_renesas_isr_context
                0x1ffe0764      0x180 ./ra/fsp/src/bsp/mcu/all/bsp_irq.o
                0x1ffe0764                gp_renesas_isr_context
 .bss.g_protect_counters
                0x1ffe08e4        0x8 ./ra/fsp/src/bsp/mcu/all/bsp_register_protection.o
                0x1ffe08e4                g_protect_counters
 .bss.current_heap_end.0
                0x1ffe08ec        0x4 ./ra/fsp/src/bsp/mcu/all/bsp_sbrk.o
 .bss.SystemCoreClock
                0x1ffe08f0        0x4 ./ra/fsp/src/bsp/cmsis/Device/RENESAS/Source/system.o
                0x1ffe08f0                SystemCoreClock
 .bss.xNumberOfSuccessfulFrees
                0x1ffe08f4        0x4 ./ra/aws/FreeRTOS/FreeRTOS/Source/portable/MemMang/heap_4.o
 .bss.xNumberOfSuccessfulAllocations
                0x1ffe08f8        0x4 ./ra/aws/FreeRTOS/FreeRTOS/Source/portable/MemMang/heap_4.o
 .bss.xMinimumEverFreeBytesRemaining
                0x1ffe08fc        0x4 ./ra/aws/FreeRTOS/FreeRTOS/Source/portable/MemMang/heap_4.o
 .bss.xFreeBytesRemaining
                0x1ffe0900        0x4 ./ra/aws/FreeRTOS/FreeRTOS/Source/portable/MemMang/heap_4.o
 .bss.pxEnd     0x1ffe0904        0x4 ./ra/aws/FreeRTOS/FreeRTOS/Source/portable/MemMang/heap_4.o
 .bss.xStart    0x1ffe0908        0x8 ./ra/aws/FreeRTOS/FreeRTOS/Source/portable/MemMang/heap_4.o
 .bss.ucHeap    0x1ffe0910     0x2800 ./ra/aws/FreeRTOS/FreeRTOS/Source/portable/MemMang/heap_4.o
 .bss.xQueueRegistry
                0x1ffe3110       0x50 ./ra/aws/FreeRTOS/FreeRTOS/Source/queue.o
                0x1ffe3110                xQueueRegistry
 .bss.uxSchedulerSuspended
                0x1ffe3160        0x4 ./ra/aws/FreeRTOS/FreeRTOS/Source/tasks.o
 .bss.xIdleTaskHandle
                0x1ffe3164        0x4 ./ra/aws/FreeRTOS/FreeRTOS/Source/tasks.o
 .bss.xNextTaskUnblockTime
                0x1ffe3168        0x4 ./ra/aws/FreeRTOS/FreeRTOS/Source/tasks.o
 .bss.uxTaskNumber
                0x1ffe316c        0x4 ./ra/aws/FreeRTOS/FreeRTOS/Source/tasks.o
 .bss.xNumOfOverflows
                0x1ffe3170        0x4 ./ra/aws/FreeRTOS/FreeRTOS/Source/tasks.o
 .bss.xYieldPending
                0x1ffe3174        0x4 ./ra/aws/FreeRTOS/FreeRTOS/Source/tasks.o
 .bss.xPendedTicks
                0x1ffe3178        0x4 ./ra/aws/FreeRTOS/FreeRTOS/Source/tasks.o
 .bss.xSchedulerRunning
                0x1ffe317c        0x4 ./ra/aws/FreeRTOS/FreeRTOS/Source/tasks.o
 .bss.uxTopReadyPriority
                0x1ffe3180        0x4 ./ra/aws/FreeRTOS/FreeRTOS/Source/tasks.o
 .bss.xTickCount
                0x1ffe3184        0x4 ./ra/aws/FreeRTOS/FreeRTOS/Source/tasks.o
 .bss.uxCurrentNumberOfTasks
                0x1ffe3188        0x4 ./ra/aws/FreeRTOS/FreeRTOS/Source/tasks.o
 .bss.xSuspendedTaskList
                0x1ffe318c       0x14 ./ra/aws/FreeRTOS/FreeRTOS/Source/tasks.o
 .bss.uxDeletedTasksWaitingCleanUp
                0x1ffe31a0        0x4 ./ra/aws/FreeRTOS/FreeRTOS/Source/tasks.o
 .bss.xTasksWaitingTermination
                0x1ffe31a4       0x14 ./ra/aws/FreeRTOS/FreeRTOS/Source/tasks.o
 .bss.xPendingReadyList
                0x1ffe31b8       0x14 ./ra/aws/FreeRTOS/FreeRTOS/Source/tasks.o
 .bss.pxOverflowDelayedTaskList
                0x1ffe31cc        0x4 ./ra/aws/FreeRTOS/FreeRTOS/Source/tasks.o
 .bss.pxDelayedTaskList
                0x1ffe31d0        0x4 ./ra/aws/FreeRTOS/FreeRTOS/Source/tasks.o
 .bss.xDelayedTaskList2
                0x1ffe31d4       0x14 ./ra/aws/FreeRTOS/FreeRTOS/Source/tasks.o
 .bss.xDelayedTaskList1
                0x1ffe31e8       0x14 ./ra/aws/FreeRTOS/FreeRTOS/Source/tasks.o
 .bss.pxReadyTasksLists
                0x1ffe31fc      0x12c ./ra/aws/FreeRTOS/FreeRTOS/Source/tasks.o
 .bss.pxCurrentTCB
                0x1ffe3328        0x4 ./ra/aws/FreeRTOS/FreeRTOS/Source/tasks.o
                0x1ffe3328                pxCurrentTCB
 .bss.xLastTime.12
                0x1ffe332c        0x4 ./ra/aws/FreeRTOS/FreeRTOS/Source/timers.o
 .bss.xTimerTaskHandle
                0x1ffe3330        0x4 ./ra/aws/FreeRTOS/FreeRTOS/Source/timers.o
 .bss.xTimerQueue
                0x1ffe3334        0x4 ./ra/aws/FreeRTOS/FreeRTOS/Source/timers.o
 .bss.pxOverflowTimerList
                0x1ffe3338        0x4 ./ra/aws/FreeRTOS/FreeRTOS/Source/timers.o
 .bss.pxCurrentTimerList
                0x1ffe333c        0x4 ./ra/aws/FreeRTOS/FreeRTOS/Source/timers.o
 .bss.xActiveTimerList2
                0x1ffe3340       0x14 ./ra/aws/FreeRTOS/FreeRTOS/Source/timers.o
 .bss.xActiveTimerList1
                0x1ffe3354       0x14 ./ra/aws/FreeRTOS/FreeRTOS/Source/timers.o
 .bss.__sf      0x1ffe3368      0x138 C:/Program Files (x86)/Arm GNU Toolchain arm-none-eabi/13.2 Rel1/bin/../lib/gcc/arm-none-eabi/13.2.1/thumb/v7e-m+fp/hard\libg_nano.a(libc_a-findfp.o)
                0x1ffe3368                __sf
 .bss.errno     0x1ffe34a0        0x4 C:/Program Files (x86)/Arm GNU Toolchain arm-none-eabi/13.2 Rel1/bin/../lib/gcc/arm-none-eabi/13.2.1/thumb/v7e-m+fp/hard\libg_nano.a(libc_a-reent.o)
                0x1ffe34a0                errno
 .bss.__lock___malloc_recursive_mutex
                0x1ffe34a4        0x1 C:/Program Files (x86)/Arm GNU Toolchain arm-none-eabi/13.2 Rel1/bin/../lib/gcc/arm-none-eabi/13.2.1/thumb/v7e-m+fp/hard\libg_nano.a(libc_a-lock.o)
                0x1ffe34a4                __lock___malloc_recursive_mutex
 *fill*         0x1ffe34a5        0x3 
 .bss.__malloc_sbrk_start
                0x1ffe34a8        0x4 C:/Program Files (x86)/Arm GNU Toolchain arm-none-eabi/13.2 Rel1/bin/../lib/gcc/arm-none-eabi/13.2.1/thumb/v7e-m+fp/hard\libg_nano.a(libc_a-mallocr.o)
                0x1ffe34a8                __malloc_sbrk_start
 .bss.__malloc_free_list
                0x1ffe34ac        0x4 C:/Program Files (x86)/Arm GNU Toolchain arm-none-eabi/13.2 Rel1/bin/../lib/gcc/arm-none-eabi/13.2.1/thumb/v7e-m+fp/hard\libg_nano.a(libc_a-mallocr.o)
                0x1ffe34ac                __malloc_free_list
 *(COMMON)
                0x1ffe34b0                        . = ALIGN (0x4)
                0x1ffe34b0                        __bss_end__ = .

.heap           0x1ffe34b0        0x0
                0x1ffe34b0                        . = ALIGN (0x8)
                0x1ffe34b0                        __HeapBase = .
 *(.heap)
                0x1ffe34b0                        __HeapLimit = .

.stack_dummy    0x1ffe34b0      0x400
                0x1ffe34b0                        . = ALIGN (0x8)
                0x1ffe34b0                        __StackLimit = .
 *(.stack)
 .stack         0x1ffe34b0      0x400 ./ra/fsp/src/bsp/cmsis/Device/RENESAS/Source/startup.o
                0x1ffe38b0                        __StackTop = .
 *(.stack*)
                0x1ffe38b0                        __StackTopAll = .
                0x1ffe38b0                        PROVIDE (__stack = __StackTopAll)
                0x1ffe38b0                        __RAM_segment_used_end__ = ALIGN (__StackTopAll, 0x4)
                0x1ffe3c00                        __tz_RAM_C = DEFINED (RAM_NSC_START)?ABSOLUTE ((RAM_NSC_START - RAM_NS_BUFFER_BLOCK_LENGTH)):__RESERVE_NS_RAM?ABSOLUTE (RAM_NS_BUFFER_BLOCK_START):ALIGN (__RAM_segment_used_end__, 0x400)
                0x1ffe4000                        __tz_RAM_N = DEFINED (RAM_NS_START)?ABSOLUTE ((RAM_NS_START - RAM_NS_BUFFER_BLOCK_LENGTH)):__RESERVE_NS_RAM?ABSOLUTE (RAM_NS_BUFFER_BLOCK_START):ALIGN (__tz_RAM_C, 0x2000)

.ns_buffer      0x1ffe38b0        0x0
                0x1ffe38b0                        . = __RESERVE_NS_RAM?ABSOLUTE ((RAM_NS_BUFFER_START & 0xffffffe0)):.
 *(.ns_buffer*)

.data_flash     0x40100000        0x0
                0x40100000                        . = ORIGIN (DATA_FLASH)
                0x40100000                        __tz_DATA_FLASH_S = .
                0x40100000                        __Data_Flash_Start = .
 *(.data_flash*)
                0x40100000                        __Data_Flash_End = .
                0x40100000                        __tz_DATA_FLASH_N = DEFINED (DATA_FLASH_NS_START)?ABSOLUTE (DATA_FLASH_NS_START):__RESERVE_NS_RAM?ABSOLUTE ((DATA_FLASH_START + DATA_FLASH_LENGTH)):ALIGN (0x400)
                0x90000000                        __tz_SDRAM_S = ORIGIN (SDRAM)

.sdram          0x90000000        0x0
                0x90000000                        __SDRAM_Start = .
 *(.sdram*)
 *(.frame*)
                0x90000000                        __SDRAM_End = .
                0x90000000                        __tz_SDRAM_N = __SDRAM_End
                0x0100a150                        __tz_ID_CODE_S = ORIGIN (ID_CODE)
                0x0100a150                        __tz_ID_CODE_N = __tz_ID_CODE_S

.id_code        0x0100a150       0x10
                0x0100a150                        __ID_Code_Start = .
 *(.id_code*)
 .id_code       0x0100a150       0x10 ./ra/fsp/src/bsp/mcu/all/bsp_rom_registers.o
                0x0100a160                        __ID_Code_End = .
                0x00000000                        __tz_OPTION_SETTING_S = ORIGIN (OPTION_SETTING_OFS)

.rel.dyn        0x0100a160        0x0
 .rel.iplt      0x0100a160        0x0 C:/Program Files (x86)/Arm GNU Toolchain arm-none-eabi/13.2 Rel1/bin/../lib/gcc/arm-none-eabi/13.2.1/thumb/v7e-m+fp/hard/crtbegin.o

.option_setting_ofs
                0x00000000        0x0
                0x00000000                        __OPTION_SETTING_OFS_Start = .
 *(.option_setting_ofs0)
                0x00000000                        . = PROJECT_SECURE_OR_FLAT?(__OPTION_SETTING_OFS_Start + 0x4):__OPTION_SETTING_OFS_Start
 *(.option_setting_ofs2)
                0x00000000                        . = PROJECT_SECURE_OR_FLAT?(__OPTION_SETTING_OFS_Start + 0x10):__OPTION_SETTING_OFS_Start
 *(.option_setting_dualsel)
                0x00000000                        __OPTION_SETTING_OFS_End = .

.option_setting_sas
                0x00000034        0x0
                0x00000034                        __OPTION_SETTING_SAS_Start = .
 *(.option_setting_sas)
                0x00000034                        __OPTION_SETTING_SAS_End = .
                0x00000080                        __tz_OPTION_SETTING_N = ABSOLUTE (OPTION_SETTING_START_NS)

.option_setting_ns
                0x00000000        0x0
                0x00000000                        __OPTION_SETTING_NS_Start = .
 *(.option_setting_ofs1)
                0x00000000                        . = USE_OPTION_SETTING_NS?(__OPTION_SETTING_NS_Start + 0x4):__OPTION_SETTING_NS_Start
 *(.option_setting_ofs3)
                0x00000000                        . = USE_OPTION_SETTING_NS?(__OPTION_SETTING_NS_Start + 0x10):__OPTION_SETTING_NS_Start
 *(.option_setting_banksel)
                0x00000000                        . = USE_OPTION_SETTING_NS?(__OPTION_SETTING_NS_Start + 0x40):__OPTION_SETTING_NS_Start
 *(.option_setting_bps0)
                0x00000000                        . = USE_OPTION_SETTING_NS?(__OPTION_SETTING_NS_Start + 0x44):__OPTION_SETTING_NS_Start
 *(.option_setting_bps1)
                0x00000000                        . = USE_OPTION_SETTING_NS?(__OPTION_SETTING_NS_Start + 0x48):__OPTION_SETTING_NS_Start
 *(.option_setting_bps2)
                0x00000000                        . = USE_OPTION_SETTING_NS?(__OPTION_SETTING_NS_Start + 0x4c):__OPTION_SETTING_NS_Start
 *(.option_setting_bps3)
                0x00000000                        . = USE_OPTION_SETTING_NS?(__OPTION_SETTING_NS_Start + 0x60):__OPTION_SETTING_NS_Start
 *(.option_setting_pbps0)
                0x00000000                        . = USE_OPTION_SETTING_NS?(__OPTION_SETTING_NS_Start + 0x64):__OPTION_SETTING_NS_Start
 *(.option_setting_pbps1)
                0x00000000                        . = USE_OPTION_SETTING_NS?(__OPTION_SETTING_NS_Start + 0x68):__OPTION_SETTING_NS_Start
 *(.option_setting_pbps2)
                0x00000000                        . = USE_OPTION_SETTING_NS?(__OPTION_SETTING_NS_Start + 0x6c):__OPTION_SETTING_NS_Start
 *(.option_setting_pbps3)
                0x00000000                        __OPTION_SETTING_NS_End = .
                0x80000000                        __tz_OPTION_SETTING_S_S = ORIGIN (OPTION_SETTING_S)

.option_setting_s
                0x80000000        0x0
                0x80000000                        __OPTION_SETTING_S_Start = .
 *(.option_setting_ofs1_sec)
                0x80000000                        . = PROJECT_SECURE_OR_FLAT?(__OPTION_SETTING_S_Start + 0x4):__OPTION_SETTING_S_Start
 *(.option_setting_ofs3_sec)
                0x80000000                        . = PROJECT_SECURE_OR_FLAT?(__OPTION_SETTING_S_Start + 0x10):__OPTION_SETTING_S_Start
 *(.option_setting_banksel_sec)
                0x80000000                        . = PROJECT_SECURE_OR_FLAT?(__OPTION_SETTING_S_Start + 0x40):__OPTION_SETTING_S_Start
 *(.option_setting_bps_sec0)
                0x80000000                        . = PROJECT_SECURE_OR_FLAT?(__OPTION_SETTING_S_Start + 0x44):__OPTION_SETTING_S_Start
 *(.option_setting_bps_sec1)
                0x80000000                        . = PROJECT_SECURE_OR_FLAT?(__OPTION_SETTING_S_Start + 0x48):__OPTION_SETTING_S_Start
 *(.option_setting_bps_sec2)
                0x80000000                        . = PROJECT_SECURE_OR_FLAT?(__OPTION_SETTING_S_Start + 0x4c):__OPTION_SETTING_S_Start
 *(.option_setting_bps_sec3)
                0x80000000                        . = PROJECT_SECURE_OR_FLAT?(__OPTION_SETTING_S_Start + 0x60):__OPTION_SETTING_S_Start
 *(.option_setting_pbps_sec0)
                0x80000000                        . = PROJECT_SECURE_OR_FLAT?(__OPTION_SETTING_S_Start + 0x64):__OPTION_SETTING_S_Start
 *(.option_setting_pbps_sec1)
                0x80000000                        . = PROJECT_SECURE_OR_FLAT?(__OPTION_SETTING_S_Start + 0x68):__OPTION_SETTING_S_Start
 *(.option_setting_pbps_sec2)
                0x80000000                        . = PROJECT_SECURE_OR_FLAT?(__OPTION_SETTING_S_Start + 0x6c):__OPTION_SETTING_S_Start
 *(.option_setting_pbps_sec3)
                0x80000000                        . = PROJECT_SECURE_OR_FLAT?(__OPTION_SETTING_S_Start + 0x80):__OPTION_SETTING_S_Start
 *(.option_setting_ofs1_sel)
                0x80000000                        . = PROJECT_SECURE_OR_FLAT?(__OPTION_SETTING_S_Start + 0x84):__OPTION_SETTING_S_Start
 *(.option_setting_ofs3_sel)
                0x80000000                        . = PROJECT_SECURE_OR_FLAT?(__OPTION_SETTING_S_Start + 0x90):__OPTION_SETTING_S_Start
 *(.option_setting_banksel_sel)
                0x80000000                        . = PROJECT_SECURE_OR_FLAT?(__OPTION_SETTING_S_Start + 0xc0):__OPTION_SETTING_S_Start
 *(.option_setting_bps_sel0)
                0x80000000                        . = PROJECT_SECURE_OR_FLAT?(__OPTION_SETTING_S_Start + 0xc4):__OPTION_SETTING_S_Start
 *(.option_setting_bps_sel1)
                0x80000000                        . = PROJECT_SECURE_OR_FLAT?(__OPTION_SETTING_S_Start + 0xc8):__OPTION_SETTING_S_Start
 *(.option_setting_bps_sel2)
                0x80000000                        . = PROJECT_SECURE_OR_FLAT?(__OPTION_SETTING_S_Start + 0xcc):__OPTION_SETTING_S_Start
 *(.option_setting_bps_sel3)
                0x80000000                        __OPTION_SETTING_S_End = .
                0x80000000                        __tz_OPTION_SETTING_S_N = __OPTION_SETTING_S_End
OUTPUT(BRS_2964_PracticeFSP.elf elf32-littlearm)
LOAD linker stubs

.ARM.attributes
                0x00000000       0x30
 .ARM.attributes
                0x00000000       0x22 C:/Program Files (x86)/Arm GNU Toolchain arm-none-eabi/13.2 Rel1/bin/../lib/gcc/arm-none-eabi/13.2.1/thumb/v7e-m+fp/hard/crti.o
 .ARM.attributes
                0x00000022       0x34 C:/Program Files (x86)/Arm GNU Toolchain arm-none-eabi/13.2 Rel1/bin/../lib/gcc/arm-none-eabi/13.2.1/thumb/v7e-m+fp/hard/crtbegin.o
 .ARM.attributes
                0x00000056       0x34 ./src/SEGGER_RTT/SEGGER_RTT.o
 .ARM.attributes
                0x0000008a       0x34 ./src/SEGGER_RTT/SEGGER_RTT_printf.o
 .ARM.attributes
                0x000000be       0x34 ./src/hal_entry.o
 .ARM.attributes
                0x000000f2       0x34 ./src/main_thread0_entry.o
 .ARM.attributes
                0x00000126       0x34 ./src/spi_w25q32.o
 .ARM.attributes
                0x0000015a       0x34 ./ra_gen/common_data.o
 .ARM.attributes